Component: ARM Compiler 5.06 update 7 (build 960) Tool: armlink [4d3601]

==============================================================================

Section Cross References

    startup_stm32f207xx.o(STACK) refers (Special) to heapauxi.o(.text) for __use_two_region_memory
    startup_stm32f207xx.o(HEAP) refers (Special) to heapauxi.o(.text) for __use_two_region_memory
    startup_stm32f207xx.o(RESET) refers (Special) to heapauxi.o(.text) for __use_two_region_memory
    startup_stm32f207xx.o(RESET) refers to startup_stm32f207xx.o(STACK) for __initial_sp
    startup_stm32f207xx.o(RESET) refers to startup_stm32f207xx.o(.text) for Reset_Handler
    startup_stm32f207xx.o(RESET) refers to stm32f2xx_it.o(i.NMI_Handler) for NMI_Handler
    startup_stm32f207xx.o(RESET) refers to stm32f2xx_it.o(i.HardFault_Handler) for HardFault_Handler
    startup_stm32f207xx.o(RESET) refers to stm32f2xx_it.o(i.MemManage_Handler) for MemManage_Handler
    startup_stm32f207xx.o(RESET) refers to stm32f2xx_it.o(i.BusFault_Handler) for BusFault_Handler
    startup_stm32f207xx.o(RESET) refers to stm32f2xx_it.o(i.UsageFault_Handler) for UsageFault_Handler
    startup_stm32f207xx.o(RESET) refers to stm32f2xx_it.o(i.SVC_Handler) for SVC_Handler
    startup_stm32f207xx.o(RESET) refers to stm32f2xx_it.o(i.DebugMon_Handler) for DebugMon_Handler
    startup_stm32f207xx.o(RESET) refers to stm32f2xx_it.o(i.PendSV_Handler) for PendSV_Handler
    startup_stm32f207xx.o(RESET) refers to stm32f2xx_it.o(i.SysTick_Handler) for SysTick_Handler
    startup_stm32f207xx.o(.text) refers (Special) to heapauxi.o(.text) for __use_two_region_memory
    startup_stm32f207xx.o(.text) refers to system_stm32f2xx.o(i.SystemInit) for SystemInit
    startup_stm32f207xx.o(.text) refers to __main.o(!!!main) for __main
    startup_stm32f207xx.o(.text) refers to startup_stm32f207xx.o(HEAP) for Heap_Mem
    startup_stm32f207xx.o(.text) refers to startup_stm32f207xx.o(STACK) for Stack_Mem
    main.o(i.MX_GPIO_Init) refers to rt_memclr_w.o(.text) for __aeabi_memclr4
    main.o(i.MX_GPIO_Init) refers to stm32f2xx_hal_gpio.o(i.HAL_GPIO_WritePin) for HAL_GPIO_WritePin
    main.o(i.MX_GPIO_Init) refers to stm32f2xx_hal_gpio.o(i.HAL_GPIO_Init) for HAL_GPIO_Init
    main.o(i.Serial_print_char) refers to stm32f2xx_hal_uart.o(i.HAL_UART_Transmit) for HAL_UART_Transmit
    main.o(i.Serial_print_char) refers to main.o(.bss) for .bss
    main.o(i.Serial_print_int) refers to main.o(i.Serial_print_char) for Serial_print_char
    main.o(i.Serial_print_string) refers to stm32f2xx_hal_uart.o(i.HAL_UART_Transmit) for HAL_UART_Transmit
    main.o(i.Serial_print_string) refers to main.o(.bss) for .bss
    main.o(i.SystemClock_Config) refers to rt_memclr_w.o(.text) for __aeabi_memclr4
    main.o(i.SystemClock_Config) refers to stm32f2xx_hal_rcc.o(i.HAL_RCC_OscConfig) for HAL_RCC_OscConfig
    main.o(i.SystemClock_Config) refers to stm32f2xx_hal_rcc.o(i.HAL_RCC_ClockConfig) for HAL_RCC_ClockConfig
    main.o(i.chip_erase) refers to main.o(i.config_Dout) for config_Dout
    main.o(i.chip_erase) refers to main.o(i.write_byte) for write_byte
    main.o(i.chip_erase) refers to stm32f2xx_hal.o(i.HAL_Delay) for HAL_Delay
    main.o(i.chip_erase) refers to main.o(i.config_Din) for config_Din
    main.o(i.config_Din) refers to rt_memclr_w.o(.text) for __aeabi_memclr4
    main.o(i.config_Din) refers to stm32f2xx_hal_gpio.o(i.HAL_GPIO_WritePin) for HAL_GPIO_WritePin
    main.o(i.config_Din) refers to stm32f2xx_hal_gpio.o(i.HAL_GPIO_Init) for HAL_GPIO_Init
    main.o(i.config_Dout) refers to rt_memclr_w.o(.text) for __aeabi_memclr4
    main.o(i.config_Dout) refers to stm32f2xx_hal_gpio.o(i.HAL_GPIO_WritePin) for HAL_GPIO_WritePin
    main.o(i.config_Dout) refers to stm32f2xx_hal_gpio.o(i.HAL_GPIO_Init) for HAL_GPIO_Init
    main.o(i.goto_mem_addr) refers to stm32f2xx_hal_gpio.o(i.HAL_GPIO_WritePin) for HAL_GPIO_WritePin
    main.o(i.main) refers to stm32f2xx_hal.o(i.HAL_Init) for HAL_Init
    main.o(i.main) refers to main.o(i.SystemClock_Config) for SystemClock_Config
    main.o(i.main) refers to main.o(i.MX_GPIO_Init) for MX_GPIO_Init
    main.o(i.main) refers to stm32f2xx_hal_uart.o(i.HAL_UART_Init) for HAL_UART_Init
    main.o(i.main) refers to main.o(i.proc_byte) for proc_byte
    main.o(i.main) refers to main.o(i.read_byte) for read_byte
    main.o(i.main) refers to stm32f2xx_hal.o(i.HAL_Delay) for HAL_Delay
    main.o(i.main) refers to main.o(.bss) for .bss
    main.o(i.pop_byte) refers to stm32f2xx_hal_gpio.o(i.HAL_GPIO_ReadPin) for HAL_GPIO_ReadPin
    main.o(i.pop_byte) refers to main.o(i.Serial_print_int) for Serial_print_int
    main.o(i.pop_byte) refers to main.o(i.Serial_print_string) for Serial_print_string
    main.o(i.proc_byte) refers to main.o(i.config_Dout) for config_Dout
    main.o(i.proc_byte) refers to main.o(i.write_byte) for write_byte
    main.o(i.proc_byte) refers to stm32f2xx_hal.o(i.HAL_Delay) for HAL_Delay
[...]
    __rtentry4.o(.ARM.Collect$$rtentry$$00000004) refers to sys_stackheap_outer.o(.text) for __user_setup_stackheap
    __rtentry4.o(.ARM.exidx) refers to __rtentry4.o(.ARM.Collect$$rtentry$$00000004) for .ARM.Collect$$rtentry$$00000004
    rt_div0.o(.text) refers to defsig_fpe_outer.o(.text) for __rt_SIGFPE
    sys_stackheap_outer.o(.text) refers to libspace.o(.text) for __user_perproc_libspace
    sys_stackheap_outer.o(.text) refers to startup_stm32f207xx.o(.text) for __user_initial_stackheap
    exit.o(.text) refers to rtexit.o(.ARM.Collect$$rtexit$$00000000) for __rt_exit
    defsig_fpe_outer.o(.text) refers to defsig_fpe_inner.o(.text) for __rt_SIGFPE_inner
    defsig_fpe_outer.o(.text) refers to defsig_exit.o(.text) for __sig_exit
    defsig_fpe_formal.o(.text) refers to rt_raise.o(.text) for __rt_raise
    libinit.o(.ARM.Collect$$libinit$$00000000) refers (Special) to libinit2.o(.ARM.Collect$$libinit$$0000002E) for __rt_lib_init_alloca_1
    libinit.o(.ARM.Collect$$libinit$$00000000) refers (Special) to libinit2.o(.ARM.Collect$$libinit$$0000002C) for __rt_lib_init_argv_1
    libinit.o(.ARM.Collect$$libinit$$00000000) refers (Special) to libinit2.o(.ARM.Collect$$libinit$$0000001B) for __rt_lib_init_atexit_1
    libinit.o(.ARM.Collect$$libinit$$00000000) refers (Special) to libinit2.o(.ARM.Collect$$libinit$$00000021) for __rt_lib_init_clock_1
    libinit.o(.ARM.Collect$$libinit$$00000000) refers (Special) to libinit2.o(.ARM.Collect$$libinit$$00000032) for __rt_lib_init_cpp_1
    libinit.o(.ARM.Collect$$libinit$$00000000) refers (Special) to libinit2.o(.ARM.Collect$$libinit$$00000030) for __rt_lib_init_exceptions_1
    libinit.o(.ARM.Collect$$libinit$$00000000) refers (Special) to libinit2.o(.ARM.Collect$$libinit$$00000002) for __rt_lib_init_fp_1
    libinit.o(.ARM.Collect$$libinit$$00000000) refers (Special) to libinit2.o(.ARM.Collect$$libinit$$0000001F) for __rt_lib_init_fp_trap_1
    libinit.o(.ARM.Collect$$libinit$$00000000) refers (Special) to libinit2.o(.ARM.Collect$$libinit$$00000023) for __rt_lib_init_getenv_1
    libinit.o(.ARM.Collect$$libinit$$00000000) refers (Special) to libinit2.o(.ARM.Collect$$libinit$$0000000A) for __rt_lib_init_heap_1
    libinit.o(.ARM.Collect$$libinit$$00000000) refers (Special) to libinit2.o(.ARM.Collect$$libinit$$00000011) for __rt_lib_init_lc_collate_1
    libinit.o(.ARM.Collect$$libinit$$00000000) refers (Special) to libinit2.o(.ARM.Collect$$libinit$$00000013) for __rt_lib_init_lc_ctype_1
    libinit.o(.ARM.Collect$$libinit$$00000000) refers (Special) to libinit2.o(.ARM.Collect$$libinit$$00000015) for __rt_lib_init_lc_monetary_1
    libinit.o(.ARM.Collect$$libinit$$00000000) refers (Special) to libinit2.o(.ARM.Collect$$libinit$$00000017) for __rt_lib_init_lc_numeric_1
    libinit.o(.ARM.Collect$$libinit$$00000000) refers (Special) to libinit2.o(.ARM.Collect$$libinit$$00000019) for __rt_lib_init_lc_time_1
    libinit.o(.ARM.Collect$$libinit$$00000000) refers (Special) to libinit2.o(.ARM.Collect$$libinit$$00000004) for __rt_lib_init_preinit_1
    libinit.o(.ARM.Collect$$libinit$$00000000) refers (Special) to libinit2.o(.ARM.Collect$$libinit$$0000000E) for __rt_lib_init_rand_1
    libinit.o(.ARM.Collect$$libinit$$00000000) refers (Special) to libinit2.o(.ARM.Collect$$libinit$$00000033) for __rt_lib_init_return
    libinit.o(.ARM.Collect$$libinit$$00000000) refers (Special) to libinit2.o(.ARM.Collect$$libinit$$0000001D) for __rt_lib_init_signal_1
    libinit.o(.ARM.Collect$$libinit$$00000000) refers (Special) to libinit2.o(.ARM.Collect$$libinit$$00000025) for __rt_lib_init_stdio_1
    libinit.o(.ARM.Collect$$libinit$$00000000) refers (Special) to libinit2.o(.ARM.Collect$$libinit$$0000000C) for __rt_lib_init_user_alloc_1
    libspace.o(.text) refers to libspace.o(.bss) for __libspace_start
    rtexit.o(.ARM.Collect$$rtexit$$00000000) refers (Special) to rtexit2.o(.ARM.Collect$$rtexit$$00000004) for __rt_exit_exit
    rtexit.o(.ARM.Collect$$rtexit$$00000000) refers (Special) to rtexit2.o(.ARM.Collect$$rtexit$$00000003) for __rt_exit_ls
    rtexit.o(.ARM.Collect$$rtexit$$00000000) refers (Special) to rtexit2.o(.ARM.Collect$$rtexit$$00000002) for __rt_exit_prels_1
    rtexit.o(.ARM.exidx) refers (Special) to rtexit2.o(.ARM.Collect$$rtexit$$00000004) for __rt_exit_exit
    rtexit.o(.ARM.exidx) refers (Special) to rtexit2.o(.ARM.Collect$$rtexit$$00000003) for __rt_exit_ls
    rtexit.o(.ARM.exidx) refers (Special) to rtexit2.o(.ARM.Collect$$rtexit$$00000002) for __rt_exit_prels_1
    rtexit.o(.ARM.exidx) refers to rtexit.o(.ARM.Collect$$rtexit$$00000000) for .ARM.Collect$$rtexit$$00000000
    rt_raise.o(.text) refers to __raise.o(.text) for __raise
    rt_raise.o(.text) refers to sys_exit.o(.text) for _sys_exit
    defsig_exit.o(.text) refers to sys_exit.o(.text) for _sys_exit
    defsig_fpe_inner.o(.text) refers to defsig_general.o(.text) for __default_signal_display
    libinit2.o(.ARM.Collect$$libinit$$00000010) refers to libinit2.o(.ARM.Collect$$libinit$$0000000F) for .ARM.Collect$$libinit$$0000000F
    libinit2.o(.ARM.Collect$$libinit$$00000012) refers to libinit2.o(.ARM.Collect$$libinit$$0000000F) for .ARM.Collect$$libinit$$0000000F
    libinit2.o(.ARM.Collect$$libinit$$00000014) refers to libinit2.o(.ARM.Collect$$libinit$$0000000F) for .ARM.Collect$$libinit$$0000000F
    libinit2.o(.ARM.Collect$$libinit$$00000016) refers to libinit2.o(.ARM.Collect$$libinit$$0000000F) for .ARM.Collect$$libinit$$0000000F
    libinit2.o(.ARM.Collect$$libinit$$00000018) refers to libinit2.o(.ARM.Collect$$libinit$$0000000F) for .ARM.Collect$$libinit$$0000000F
    libinit2.o(.ARM.Collect$$libinit$$00000026) refers to argv_veneer.o(.emb_text) for __ARM_argv_veneer
    libinit2.o(.ARM.Collect$$libinit$$00000027) refers to argv_veneer.o(.emb_text) for __ARM_argv_veneer
    sys_exit.o(.text) refers (Special) to use_no_semi.o(.text) for __I$use$semihosting
    sys_exit.o(.text) refers (Special) to indicate_semi.o(.text) for __semihosting_library_function
    rtexit2.o(.ARM.Collect$$rtexit$$00000003) refers to libshutdown.o(.ARM.Collect$$libshutdown$$00000000) for __rt_lib_shutdown
    rtexit2.o(.ARM.Collect$$rtexit$$00000004) refers to sys_exit.o(.text) for _sys_exit
    rtexit2.o(.ARM.exidx) refers to rtexit2.o(.ARM.Collect$$rtexit$$00000001) for .ARM.Collect$$rtexit$$00000001
    rtexit2.o(.ARM.exidx) refers to rtexit2.o(.ARM.Collect$$rtexit$$00000003) for .ARM.Collect$$rtexit$$00000003
    rtexit2.o(.ARM.exidx) refers to rtexit2.o(.ARM.Collect$$rtexit$$00000004) for .ARM.Collect$$rtexit$$00000004
    __raise.o(.text) refers to defsig.o(CL$$defsig) for __default_signal_handler
    defsig_general.o(.text) refers to sys_wrch.o(.text) for _ttywrch
    argv_veneer.o(.emb_text) refers to no_argv.o(.text) for __ARM_get_argv
    sys_wrch.o(.text) refers (Special) to use_no_semi.o(.text) for __I$use$semihosting
    sys_wrch.o(.text) refers (Special) to indicate_semi.o(.text) for __semihosting_library_function
    defsig.o(CL$$defsig) refers to defsig_fpe_inner.o(.text) for __rt_SIGFPE_inner
    defsig.o(CL$$defsig) refers to defsig_rtmem_inner.o(.text) for __rt_SIGRTMEM_inner
    _get_argv_nomalloc.o(.text) refers (Special) to hrguard.o(.text) for __heap_region$guard
    _get_argv_nomalloc.o(.text) refers to defsig_rtmem_outer.o(.text) for __rt_SIGRTMEM
    _get_argv_nomalloc.o(.text) refers to sys_command.o(.text) for _sys_command_string
    libshutdown.o(.ARM.Collect$$libshutdown$$00000000) refers (Special) to libshutdown2.o(.ARM.Collect$$libshutdown$$00000004) for __rt_lib_shutdown_cpp_1
    libshutdown.o(.ARM.Collect$$libshutdown$$00000000) refers (Special) to libshutdown2.o(.ARM.Collect$$libshutdown$$00000002) for __rt_lib_shutdown_fini_1
    libshutdown.o(.ARM.Collect$$libshutdown$$00000000) refers (Special) to libshutdown2.o(.ARM.Collect$$libshutdown$$00000009) for __rt_lib_shutdown_fp_trap_1
    libshutdown.o(.ARM.Collect$$libshutdown$$00000000) refers (Special) to libshutdown2.o(.ARM.Collect$$libshutdown$$00000011) for __rt_lib_shutdown_heap_1
    libshutdown.o(.ARM.Collect$$libshutdown$$00000000) refers (Special) to libshutdown2.o(.ARM.Collect$$libshutdown$$00000012) for __rt_lib_shutdown_return
    libshutdown.o(.ARM.Collect$$libshutdown$$00000000) refers (Special) to libshutdown2.o(.ARM.Collect$$libshutdown$$0000000C) for __rt_lib_shutdown_signal_1
    libshutdown.o(.ARM.Collect$$libshutdown$$00000000) refers (Special) to libshutdown2.o(.ARM.Collect$$libshutdown$$00000006) for __rt_lib_shutdown_stdio_1
    libshutdown.o(.ARM.Collect$$libshutdown$$00000000) refers (Special) to libshutdown2.o(.ARM.Collect$$libshutdown$$0000000E) for __rt_lib_shutdown_user_alloc_1
    sys_command.o(.text) refers (Special) to use_no_semi.o(.text) for __I$use$semihosting
    sys_command.o(.text) refers (Special) to indicate_semi.o(.text) for __semihosting_library_function
    defsig_abrt_inner.o(.text) refers to defsig_general.o(.text) for __default_signal_display
    defsig_rtred_inner.o(.text) refers to defsig_general.o(.text) for __default_signal_display
    defsig_rtmem_inner.o(.text) refers to defsig_general.o(.text) for __default_signal_display
    defsig_rtmem_outer.o(.text) refers to defsig_rtmem_inner.o(.text) for __rt_SIGRTMEM_inner
    defsig_rtmem_outer.o(.text) refers to defsig_exit.o(.text) for __sig_exit
    defsig_rtmem_formal.o(.text) refers to rt_raise.o(.text) for __rt_raise
    defsig_stak_inner.o(.text) refers to defsig_general.o(.text) for __default_signal_display
    defsig_pvfn_inner.o(.text) refers to defsig_general.o(.text) for __default_signal_display
    defsig_cppl_inner.o(.text) refers to defsig_general.o(.text) for __default_signal_display
    defsig_segv_inner.o(.text) refers to defsig_general.o(.text) for __default_signal_display
    defsig_other.o(.text) refers to defsig_general.o(.text) for __default_signal_display


==============================================================================

Removing Unused input sections from the image.

    Removing main.o(.rev16_text), (4 bytes).
    Removing main.o(.revsh_text), (4 bytes).
    Removing main.o(.rrx_text), (6 bytes).
    Removing main.o(i.Error_Handler), (4 bytes).
    Removing main.o(i.chip_erase), (88 bytes).
    Removing stm32f2xx_it.o(.rev16_text), (4 bytes).
    Removing stm32f2xx_it.o(.revsh_text), (4 bytes).
    Removing stm32f2xx_it.o(.rrx_text), (6 bytes).
    Removing stm32f2xx_hal_msp.o(.rev16_text), (4 bytes).
    Removing stm32f2xx_hal_msp.o(.revsh_text), (4 bytes).
    Removing stm32f2xx_hal_msp.o(.rrx_text), (6 bytes).
    Removing stm32f2xx_hal_msp.o(i.HAL_UART_MspDeInit), (40 bytes).
    Removing stm32f2xx_hal_tim.o(.rev16_text), (4 bytes).
    Removing stm32f2xx_hal_tim.o(.revsh_text), (4 bytes).
    Removing stm32f2xx_hal_tim.o(.rrx_text), (6 bytes).
    Removing stm32f2xx_hal_tim_ex.o(.rev16_text), (4 bytes).
    Removing stm32f2xx_hal_tim_ex.o(.revsh_text), (4 bytes).
    Removing stm32f2xx_hal_tim_ex.o(.rrx_text), (6 bytes).
    Removing stm32f2xx_hal_uart.o(.rev16_text), (4 bytes).
    Removing stm32f2xx_hal_uart.o(.revsh_text), (4 bytes).
    Removing stm32f2xx_hal_uart.o(.rrx_text), (6 bytes).
    Removing stm32f2xx_hal_uart.o(i.HAL_HalfDuplex_EnableReceiver), (50 bytes).
    Removing stm32f2xx_hal_uart.o(i.HAL_HalfDuplex_EnableTransmitter), (50 bytes).
    Removing stm32f2xx_hal_uart.o(i.HAL_HalfDuplex_Init), (108 bytes).
    Removing stm32f2xx_hal_uart.o(i.HAL_LIN_Init), (128 bytes).
    Removing stm32f2xx_hal_uart.o(i.HAL_LIN_SendBreak), (46 bytes).
    Removing stm32f2xx_hal_uart.o(i.HAL_MultiProcessor_EnterMuteMode), (46 bytes).
    Removing stm32f2xx_hal_uart.o(i.HAL_MultiProcessor_ExitMuteMode), (46 bytes).
    Removing stm32f2xx_hal_uart.o(i.HAL_MultiProcessor_Init), (142 bytes).
    Removing stm32f2xx_hal_uart.o(i.HAL_UARTEx_ReceiveToIdle), (254 bytes).
    Removing stm32f2xx_hal_uart.o(i.HAL_UARTEx_ReceiveToIdle_DMA), (74 bytes).
    Removing stm32f2xx_hal_uart.o(i.HAL_UARTEx_ReceiveToIdle_IT), (74 bytes).
    Removing stm32f2xx_hal_uart.o(i.HAL_UARTEx_RxEventCallback), (2 bytes).
    Removing stm32f2xx_hal_uart.o(i.HAL_UART_Abort), (156 bytes).
    Removing stm32f2xx_hal_uart.o(i.HAL_UART_AbortCpltCallback), (2 bytes).
    Removing stm32f2xx_hal_uart.o(i.HAL_UART_AbortReceive), (106 bytes).
    Removing stm32f2xx_hal_uart.o(i.HAL_UART_AbortReceiveCpltCallback), (2 bytes).
    Removing stm32f2xx_hal_uart.o(i.HAL_UART_AbortReceive_IT), (112 bytes).
    Removing stm32f2xx_hal_uart.o(i.HAL_UART_AbortTransmit), (78 bytes).
    Removing stm32f2xx_hal_uart.o(i.HAL_UART_AbortTransmitCpltCallback), (2 bytes).
    Removing stm32f2xx_hal_uart.o(i.HAL_UART_AbortTransmit_IT), (84 bytes).
    Removing stm32f2xx_hal_uart.o(i.HAL_UART_Abort_IT), (188 bytes).
    Removing stm32f2xx_hal_uart.o(i.HAL_UART_DMAPause), (102 bytes).
    Removing stm32f2xx_hal_uart.o(i.HAL_UART_DMAResume), (94 bytes).
    Removing stm32f2xx_hal_uart.o(i.HAL_UART_DMAStop), (88 bytes).
    Removing stm32f2xx_hal_uart.o(i.HAL_UART_DeInit), (52 bytes).
    Removing stm32f2xx_hal_uart.o(i.HAL_UART_ErrorCallback), (2 bytes).
    Removing stm32f2xx_hal_uart.o(i.HAL_UART_GetError), (4 bytes).
    Removing stm32f2xx_hal_uart.o(i.HAL_UART_GetState), (10 bytes).
    Removing stm32f2xx_hal_uart.o(i.HAL_UART_IRQHandler), (528 bytes).
    Removing stm32f2xx_hal_uart.o(i.HAL_UART_MspDeInit), (2 bytes).
    Removing stm32f2xx_hal_uart.o(i.HAL_UART_MspInit), (2 bytes).
    Removing stm32f2xx_hal_uart.o(i.HAL_UART_Receive), (192 bytes).
    Removing stm32f2xx_hal_uart.o(i.HAL_UART_Receive_DMA), (42 bytes).
    Removing stm32f2xx_hal_uart.o(i.HAL_UART_Receive_IT), (42 bytes).
    Removing stm32f2xx_hal_uart.o(i.HAL_UART_RxCpltCallback), (2 bytes).
    Removing stm32f2xx_hal_uart.o(i.HAL_UART_RxHalfCpltCallback), (2 bytes).
    Removing stm32f2xx_hal_uart.o(i.HAL_UART_Transmit_DMA), (128 bytes).
    Removing stm32f2xx_hal_uart.o(i.HAL_UART_Transmit_IT), (62 bytes).
    Removing stm32f2xx_hal_uart.o(i.HAL_UART_TxCpltCallback), (2 bytes).
    Removing stm32f2xx_hal_uart.o(i.HAL_UART_TxHalfCpltCallback), (2 bytes).
    Removing stm32f2xx_hal_uart.o(i.UART_DMAAbortOnError), (16 bytes).
    Removing stm32f2xx_hal_uart.o(i.UART_DMAError), (74 bytes).
    Removing stm32f2xx_hal_uart.o(i.UART_DMAReceiveCplt), (90 bytes).
    Removing stm32f2xx_hal_uart.o(i.UART_DMARxAbortCallback), (44 bytes).
    Removing stm32f2xx_hal_uart.o(i.UART_DMARxHalfCplt), (26 bytes).
    Removing stm32f2xx_hal_uart.o(i.UART_DMARxOnlyAbortCallback), (22 bytes).
    Removing stm32f2xx_hal_uart.o(i.UART_DMATransmitCplt), (46 bytes).
    Removing stm32f2xx_hal_uart.o(i.UART_DMATxAbortCallback), (44 bytes).
    Removing stm32f2xx_hal_uart.o(i.UART_DMATxHalfCplt), (10 bytes).
    Removing stm32f2xx_hal_uart.o(i.UART_DMATxOnlyAbortCallback), (20 bytes).
    Removing stm32f2xx_hal_uart.o(i.UART_EndRxTransfer), (48 bytes).
    Removing stm32f2xx_hal_uart.o(i.UART_EndTxTransfer), (18 bytes).
    Removing stm32f2xx_hal_uart.o(i.UART_Receive_IT), (182 bytes).
    Removing stm32f2xx_hal_uart.o(i.UART_Start_Receive_DMA), (112 bytes).
    Removing stm32f2xx_hal_uart.o(i.UART_Start_Receive_IT), (54 bytes).
    Removing stm32f2xx_hal.o(.rev16_text), (4 bytes).
    Removing stm32f2xx_hal.o(.revsh_text), (4 bytes).
    Removing stm32f2xx_hal.o(.rrx_text), (6 bytes).
    Removing stm32f2xx_hal.o(i.HAL_DBGMCU_DisableDBGSleepMode), (16 bytes).
    Removing stm32f2xx_hal.o(i.HAL_DBGMCU_DisableDBGStandbyMode), (16 bytes).
    Removing stm32f2xx_hal.o(i.HAL_DBGMCU_DisableDBGStopMode), (16 bytes).
    Removing stm32f2xx_hal.o(i.HAL_DBGMCU_EnableDBGSleepMode), (16 bytes).
    Removing stm32f2xx_hal.o(i.HAL_DBGMCU_EnableDBGStandbyMode), (16 bytes).
    Removing stm32f2xx_hal.o(i.HAL_DBGMCU_EnableDBGStopMode), (16 bytes).
    Removing stm32f2xx_hal.o(i.HAL_DeInit), (52 bytes).
    Removing stm32f2xx_hal.o(i.HAL_DisableCompensationCell), (28 bytes).
    Removing stm32f2xx_hal.o(i.HAL_EnableCompensationCell), (28 bytes).
    Removing stm32f2xx_hal.o(i.HAL_GetDEVID), (16 bytes).
    Removing stm32f2xx_hal.o(i.HAL_GetHalVersion), (8 bytes).
    Removing stm32f2xx_hal.o(i.HAL_GetREVID), (12 bytes).
    Removing stm32f2xx_hal.o(i.HAL_GetTickFreq), (12 bytes).
    Removing stm32f2xx_hal.o(i.HAL_GetTickPrio), (12 bytes).
    Removing stm32f2xx_hal.o(i.HAL_GetUIDw0), (12 bytes).
    Removing stm32f2xx_hal.o(i.HAL_GetUIDw1), (12 bytes).
    Removing stm32f2xx_hal.o(i.HAL_GetUIDw2), (12 bytes).
    Removing stm32f2xx_hal.o(i.HAL_MspDeInit), (2 bytes).
    Removing stm32f2xx_hal.o(i.HAL_MspInit), (2 bytes).
    Removing stm32f2xx_hal.o(i.HAL_ResumeTick), (14 bytes).
    Removing stm32f2xx_hal.o(i.HAL_SetTickFreq), (36 bytes).
    Removing stm32f2xx_hal.o(i.HAL_SuspendTick), (14 bytes).
    Removing stm32f2xx_hal_rcc.o(.rev16_text), (4 bytes).
    Removing stm32f2xx_hal_rcc.o(.revsh_text), (4 bytes).
    Removing stm32f2xx_hal_rcc.o(.rrx_text), (6 bytes).
    Removing stm32f2xx_hal_rcc.o(i.HAL_RCC_CSSCallback), (2 bytes).
    Removing stm32f2xx_hal_rcc.o(i.HAL_RCC_DeInit), (268 bytes).
    Removing stm32f2xx_hal_rcc.o(i.HAL_RCC_DisableCSS), (12 bytes).
    Removing stm32f2xx_hal_rcc.o(i.HAL_RCC_EnableCSS), (12 bytes).
    Removing stm32f2xx_hal_rcc.o(i.HAL_RCC_GetClockConfig), (64 bytes).
    Removing stm32f2xx_hal_rcc.o(i.HAL_RCC_GetHCLKFreq), (12 bytes).
    Removing stm32f2xx_hal_rcc.o(i.HAL_RCC_GetOscConfig), (224 bytes).
    Removing stm32f2xx_hal_rcc.o(i.HAL_RCC_MCOConfig), (140 bytes).
    Removing stm32f2xx_hal_rcc.o(i.HAL_RCC_NMI_IRQHandler), (28 bytes).
    Removing stm32f2xx_hal_rcc_ex.o(.rev16_text), (4 bytes).
    Removing stm32f2xx_hal_rcc_ex.o(.revsh_text), (4 bytes).
    Removing stm32f2xx_hal_rcc_ex.o(.rrx_text), (6 bytes).
    Removing stm32f2xx_hal_rcc_ex.o(i.HAL_RCCEx_DisablePLLI2S), (52 bytes).
    Removing stm32f2xx_hal_rcc_ex.o(i.HAL_RCCEx_EnablePLLI2S), (128 bytes).
    Removing stm32f2xx_hal_rcc_ex.o(i.HAL_RCCEx_GetPeriphCLKConfig), (80 bytes).
    Removing stm32f2xx_hal_rcc_ex.o(i.HAL_RCCEx_PeriphCLKConfig), (340 bytes).
    Removing stm32f2xx_hal_cortex.o(.rev16_text), (4 bytes).
    Removing stm32f2xx_hal_cortex.o(.revsh_text), (4 bytes).
    Removing stm32f2xx_hal_cortex.o(.rrx_text), (6 bytes).
    Removing stm32f2xx_hal_cortex.o(i.HAL_MPU_ConfigRegion), (84 bytes).
    Removing stm32f2xx_hal_cortex.o(i.HAL_MPU_Disable), (28 bytes).
    Removing stm32f2xx_hal_cortex.o(i.HAL_MPU_Enable), (36 bytes).
    Removing stm32f2xx_hal_cortex.o(i.HAL_NVIC_ClearPendingIRQ), (26 bytes).
    Removing stm32f2xx_hal_cortex.o(i.HAL_NVIC_DisableIRQ), (34 bytes).
    Removing stm32f2xx_hal_cortex.o(i.HAL_NVIC_EnableIRQ), (26 bytes).
    Removing stm32f2xx_hal_cortex.o(i.HAL_NVIC_GetActive), (36 bytes).
    Removing stm32f2xx_hal_cortex.o(i.HAL_NVIC_GetPendingIRQ), (36 bytes).
    Removing stm32f2xx_hal_cortex.o(i.HAL_NVIC_GetPriority), (82 bytes).
    Removing stm32f2xx_hal_cortex.o(i.HAL_NVIC_GetPriorityGrouping), (16 bytes).
    Removing stm32f2xx_hal_cortex.o(i.HAL_NVIC_SetPendingIRQ), (26 bytes).
    Removing stm32f2xx_hal_cortex.o(i.HAL_NVIC_SystemReset), (36 bytes).
    Removing stm32f2xx_hal_cortex.o(i.HAL_SYSTICK_CLKSourceConfig), (24 bytes).
    Removing stm32f2xx_hal_cortex.o(i.HAL_SYSTICK_Callback), (2 bytes).
    Removing stm32f2xx_hal_cortex.o(i.HAL_SYSTICK_IRQHandler), (8 bytes).
    Removing stm32f2xx_hal_flash.o(.rev16_text), (4 bytes).
    Removing stm32f2xx_hal_flash.o(.revsh_text), (4 bytes).
    Removing stm32f2xx_hal_flash.o(.rrx_text), (6 bytes).
    Removing stm32f2xx_hal_flash.o(i.FLASH_Program_Byte), (32 bytes).
    Removing stm32f2xx_hal_flash.o(i.FLASH_Program_DoubleWord), (44 bytes).
    Removing stm32f2xx_hal_flash.o(i.FLASH_Program_HalfWord), (36 bytes).
    Removing stm32f2xx_hal_flash.o(i.FLASH_Program_Word), (36 bytes).
    Removing stm32f2xx_hal_flash.o(i.FLASH_SetErrorCode), (104 bytes).
    Removing stm32f2xx_hal_flash.o(i.FLASH_WaitForLastOperation), (80 bytes).
    Removing stm32f2xx_hal_flash.o(i.HAL_FLASH_EndOfOperationCallback), (2 bytes).
    Removing stm32f2xx_hal_flash.o(i.HAL_FLASH_GetError), (12 bytes).
    Removing stm32f2xx_hal_flash.o(i.HAL_FLASH_IRQHandler), (204 bytes).
    Removing stm32f2xx_hal_flash.o(i.HAL_FLASH_Lock), (20 bytes).
    Removing stm32f2xx_hal_flash.o(i.HAL_FLASH_OB_Launch), (24 bytes).
    Removing stm32f2xx_hal_flash.o(i.HAL_FLASH_OB_Lock), (20 bytes).
    Removing stm32f2xx_hal_flash.o(i.HAL_FLASH_OB_Unlock), (40 bytes).
    Removing stm32f2xx_hal_flash.o(i.HAL_FLASH_OperationErrorCallback), (2 bytes).
    Removing stm32f2xx_hal_flash.o(i.HAL_FLASH_Program), (124 bytes).
    Removing stm32f2xx_hal_flash.o(i.HAL_FLASH_Program_IT), (108 bytes).
    Removing stm32f2xx_hal_flash.o(i.HAL_FLASH_Unlock), (44 bytes).
    Removing stm32f2xx_hal_flash.o(.bss), (32 bytes).
    Removing stm32f2xx_hal_flash_ex.o(.rev16_text), (4 bytes).
    Removing stm32f2xx_hal_flash_ex.o(.revsh_text), (4 bytes).
    Removing stm32f2xx_hal_flash_ex.o(.rrx_text), (6 bytes).
    Removing stm32f2xx_hal_flash_ex.o(i.FLASH_Erase_Sector), (88 bytes).
    Removing stm32f2xx_hal_flash_ex.o(i.FLASH_FlushCaches), (84 bytes).
    Removing stm32f2xx_hal_flash_ex.o(i.FLASH_MassErase), (40 bytes).
    Removing stm32f2xx_hal_flash_ex.o(i.HAL_FLASHEx_Erase), (152 bytes).
    Removing stm32f2xx_hal_flash_ex.o(i.HAL_FLASHEx_Erase_IT), (104 bytes).
    Removing stm32f2xx_hal_flash_ex.o(i.HAL_FLASHEx_OBGetConfig), (64 bytes).
    Removing stm32f2xx_hal_flash_ex.o(i.HAL_FLASHEx_OBProgram), (204 bytes).
    Removing stm32f2xx_hal_pwr.o(.rev16_text), (4 bytes).
    Removing stm32f2xx_hal_pwr.o(.revsh_text), (4 bytes).
    Removing stm32f2xx_hal_pwr.o(.rrx_text), (6 bytes).
    Removing stm32f2xx_hal_pwr.o(i.HAL_PWR_ConfigPVD), (124 bytes).
    Removing stm32f2xx_hal_pwr.o(i.HAL_PWR_DeInit), (24 bytes).
    Removing stm32f2xx_hal_pwr.o(i.HAL_PWR_DisableBkUpAccess), (28 bytes).
    Removing stm32f2xx_hal_pwr.o(i.HAL_PWR_DisablePVD), (24 bytes).
    Removing stm32f2xx_hal_pwr.o(i.HAL_PWR_DisableSEVOnPend), (16 bytes).
    Removing stm32f2xx_hal_pwr.o(i.HAL_PWR_DisableSleepOnExit), (16 bytes).
    Removing stm32f2xx_hal_pwr.o(i.HAL_PWR_DisableWakeUpPin), (16 bytes).
    Removing stm32f2xx_hal_pwr.o(i.HAL_PWR_EnableBkUpAccess), (24 bytes).
    Removing stm32f2xx_hal_pwr.o(i.HAL_PWR_EnablePVD), (24 bytes).
    Removing stm32f2xx_hal_pwr.o(i.HAL_PWR_EnableSEVOnPend), (16 bytes).
    Removing stm32f2xx_hal_pwr.o(i.HAL_PWR_EnableSleepOnExit), (16 bytes).
    Removing stm32f2xx_hal_pwr.o(i.HAL_PWR_EnableWakeUpPin), (16 bytes).
    Removing stm32f2xx_hal_pwr.o(i.HAL_PWR_EnterSLEEPMode), (32 bytes).
    Removing stm32f2xx_hal_pwr.o(i.HAL_PWR_EnterSTANDBYMode), (32 bytes).
    Removing stm32f2xx_hal_pwr.o(i.HAL_PWR_EnterSTOPMode), (56 bytes).
    Removing stm32f2xx_hal_pwr.o(i.HAL_PWR_PVDCallback), (2 bytes).
    Removing stm32f2xx_hal_pwr.o(i.HAL_PWR_PVD_IRQHandler), (28 bytes).
    Removing stm32f2xx_hal_pwr_ex.o(.rev16_text), (4 bytes).
    Removing stm32f2xx_hal_pwr_ex.o(.revsh_text), (4 bytes).
    Removing stm32f2xx_hal_pwr_ex.o(.rrx_text), (6 bytes).
    Removing stm32f2xx_hal_pwr_ex.o(i.HAL_PWREx_DisableBkUpReg), (76 bytes).
    Removing stm32f2xx_hal_pwr_ex.o(i.HAL_PWREx_DisableFlashPowerDown), (28 bytes).
    Removing stm32f2xx_hal_pwr_ex.o(i.HAL_PWREx_EnableBkUpReg), (76 bytes).
    Removing stm32f2xx_hal_pwr_ex.o(i.HAL_PWREx_EnableFlashPowerDown), (24 bytes).
    Removing stm32f2xx_hal_gpio.o(.rev16_text), (4 bytes).
    Removing stm32f2xx_hal_gpio.o(.revsh_text), (4 bytes).
    Removing stm32f2xx_hal_gpio.o(.rrx_text), (6 bytes).
    Removing stm32f2xx_hal_gpio.o(i.HAL_GPIO_DeInit), (384 bytes).
    Removing stm32f2xx_hal_gpio.o(i.HAL_GPIO_EXTI_Callback), (2 bytes).
    Removing stm32f2xx_hal_gpio.o(i.HAL_GPIO_EXTI_IRQHandler), (24 bytes).
    Removing stm32f2xx_hal_gpio.o(i.HAL_GPIO_LockPin), (34 bytes).
    Removing stm32f2xx_hal_gpio.o(i.HAL_GPIO_TogglePin), (16 bytes).
    Removing stm32f2xx_hal_dma.o(.rev16_text), (4 bytes).
    Removing stm32f2xx_hal_dma.o(.revsh_text), (4 bytes).
    Removing stm32f2xx_hal_dma.o(.rrx_text), (6 bytes).
    Removing stm32f2xx_hal_dma.o(i.DMA_CalcBaseAndBitshift), (40 bytes).
    Removing stm32f2xx_hal_dma.o(i.DMA_CheckFifoParam), (84 bytes).
    Removing stm32f2xx_hal_dma.o(i.DMA_SetConfig), (40 bytes).
    Removing stm32f2xx_hal_dma.o(i.HAL_DMA_Abort), (146 bytes).
    Removing stm32f2xx_hal_dma.o(i.HAL_DMA_Abort_IT), (36 bytes).
    Removing stm32f2xx_hal_dma.o(i.HAL_DMA_DeInit), (98 bytes).
    Removing stm32f2xx_hal_dma.o(i.HAL_DMA_GetError), (4 bytes).
    Removing stm32f2xx_hal_dma.o(i.HAL_DMA_GetState), (6 bytes).
    Removing stm32f2xx_hal_dma.o(i.HAL_DMA_IRQHandler), (416 bytes).
    Removing stm32f2xx_hal_dma.o(i.HAL_DMA_Init), (212 bytes).
    Removing stm32f2xx_hal_dma.o(i.HAL_DMA_PollForTransfer), (288 bytes).
    Removing stm32f2xx_hal_dma.o(i.HAL_DMA_RegisterCallback), (80 bytes).
    Removing stm32f2xx_hal_dma.o(i.HAL_DMA_Start), (70 bytes).
    Removing stm32f2xx_hal_dma.o(i.HAL_DMA_Start_IT), (110 bytes).
    Removing stm32f2xx_hal_dma.o(i.HAL_DMA_UnRegisterCallback), (96 bytes).
    Removing stm32f2xx_hal_dma.o(.constdata), (8 bytes).
    Removing stm32f2xx_hal_dma_ex.o(.rev16_text), (4 bytes).
    Removing stm32f2xx_hal_dma_ex.o(.revsh_text), (4 bytes).
    Removing stm32f2xx_hal_dma_ex.o(.rrx_text), (6 bytes).
    Removing stm32f2xx_hal_dma_ex.o(i.DMA_MultiBufferSetConfig), (30 bytes).
    Removing stm32f2xx_hal_dma_ex.o(i.HAL_DMAEx_ChangeMemory), (14 bytes).
    Removing stm32f2xx_hal_dma_ex.o(i.HAL_DMAEx_MultiBufferStart), (100 bytes).
    Removing stm32f2xx_hal_dma_ex.o(i.HAL_DMAEx_MultiBufferStart_IT), (2432 bytes).
    Removing stm32f2xx_hal_exti.o(.rev16_text), (4 bytes).
    Removing stm32f2xx_hal_exti.o(.revsh_text), (4 bytes).
    Removing stm32f2xx_hal_exti.o(.rrx_text), (6 bytes).
    Removing stm32f2xx_hal_exti.o(i.HAL_EXTI_ClearConfigLine), (108 bytes).
    Removing stm32f2xx_hal_exti.o(i.HAL_EXTI_ClearPending), (20 bytes).
    Removing stm32f2xx_hal_exti.o(i.HAL_EXTI_GenerateSWI), (20 bytes).
    Removing stm32f2xx_hal_exti.o(i.HAL_EXTI_GetConfigLine), (148 bytes).
    Removing stm32f2xx_hal_exti.o(i.HAL_EXTI_GetHandle), (12 bytes).
    Removing stm32f2xx_hal_exti.o(i.HAL_EXTI_GetPending), (24 bytes).
    Removing stm32f2xx_hal_exti.o(i.HAL_EXTI_IRQHandler), (36 bytes).
    Removing stm32f2xx_hal_exti.o(i.HAL_EXTI_RegisterCallback), (14 bytes).
    Removing stm32f2xx_hal_exti.o(i.HAL_EXTI_SetConfigLine), (168 bytes).
    Removing system_stm32f2xx.o(.rev16_text), (4 bytes).
    Removing system_stm32f2xx.o(.revsh_text), (4 bytes).
    Removing system_stm32f2xx.o(.rrx_text), (6 bytes).
    Removing system_stm32f2xx.o(i.SystemCoreClockUpdate), (124 bytes).

246 unused section(s) (total 14384 bytes) removed from the image.

==============================================================================

Image Symbol Table

    Local Symbols

    Symbol Name                              Value     Ov Type        Size  Object(Section)

    ../Core/Src/main.c                       0x00000000   Number         0  main.o ABSOLUTE
    ../Core/Src/stm32f2xx_hal_msp.c          0x00000000   Number         0  stm32f2xx_hal_msp.o ABSOLUTE
    ../Core/Src/stm32f2xx_it.c               0x00000000   Number         0  stm32f2xx_it.o ABSOLUTE
    ../Core/Src/system_stm32f2xx.c           0x00000000   Number         0  system_stm32f2xx.o ABSOLUTE
    ../Drivers/STM32F2xx_HAL_Driver/Src/stm32f2xx_hal.c 0x00000000   Number         0  stm32f2xx_hal.o ABSOLUTE
    ../Drivers/STM32F2xx_HAL_Driver/Src/stm32f2xx_hal_cortex.c 0x00000000   Number         0  stm32f2xx_hal_cortex.o ABSOLUTE
    ../Drivers/STM32F2xx_HAL_Driver/Src/stm32f2xx_hal_dma.c 0x00000000   Number         0  stm32f2xx_hal_dma.o ABSOLUTE
    ../Drivers/STM32F2xx_HAL_Driver/Src/stm32f2xx_hal_dma_ex.c 0x00000000   Number         0  stm32f2xx_hal_dma_ex.o ABSOLUTE
    ../Drivers/STM32F2xx_HAL_Driver/Src/stm32f2xx_hal_exti.c 0x00000000   Number         0  stm32f2xx_hal_exti.o ABSOLUTE
    ../Drivers/STM32F2xx_HAL_Driver/Src/stm32f2xx_hal_flash.c 0x00000000   Number         0  stm32f2xx_hal_flash.o ABSOLUTE
    ../Drivers/STM32F2xx_HAL_Driver/Src/stm32f2xx_hal_flash_ex.c 0x00000000   Number         0  stm32f2xx_hal_flash_ex.o ABSOLUTE
    ../Drivers/STM32F2xx_HAL_Driver/Src/stm32f2xx_hal_gpio.c 0x00000000   Number         0  stm32f2xx_hal_gpio.o ABSOLUTE
    ../Drivers/STM32F2xx_HAL_Driver/Src/stm32f2xx_hal_pwr.c 0x00000000   Number         0  stm32f2xx_hal_pwr.o ABSOLUTE
    ../Drivers/STM32F2xx_HAL_Driver/Src/stm32f2xx_hal_pwr_ex.c 0x00000000   Number         0  stm32f2xx_hal_pwr_ex.o ABSOLUTE
    ../Drivers/STM32F2xx_HAL_Driver/Src/stm32f2xx_hal_rcc.c 0x00000000   Number         0  stm32f2xx_hal_rcc.o ABSOLUTE
    ../Drivers/STM32F2xx_HAL_Driver/Src/stm32f2xx_hal_rcc_ex.c 0x00000000   Number         0  stm32f2xx_hal_rcc_ex.o ABSOLUTE
    ../Drivers/STM32F2xx_HAL_Driver/Src/stm32f2xx_hal_tim.c 0x00000000   Number         0  stm32f2xx_hal_tim.o ABSOLUTE
    ../Drivers/STM32F2xx_HAL_Driver/Src/stm32f2xx_hal_tim_ex.c 0x00000000   Number         0  stm32f2xx_hal_tim_ex.o ABSOLUTE
    ../Drivers/STM32F2xx_HAL_Driver/Src/stm32f2xx_hal_uart.c 0x00000000   Number         0  stm32f2xx_hal_uart.o ABSOLUTE
    ../clib/angel/boardlib.s                 0x00000000   Number         0  boardinit1.o ABSOLUTE
    ../clib/angel/boardlib.s                 0x00000000   Number         0  boardinit2.o ABSOLUTE
    ../clib/angel/boardlib.s                 0x00000000   Number         0  boardinit3.o ABSOLUTE
    ../clib/angel/boardlib.s                 0x00000000   Number         0  boardshut.o ABSOLUTE
    ../clib/angel/handlers.s                 0x00000000   Number         0  __scatter_copy.o ABSOLUTE
    ../clib/angel/handlers.s                 0x00000000   Number         0  __scatter_zi.o ABSOLUTE
    ../clib/angel/kernel.s                   0x00000000   Number         0  __rtentry2.o ABSOLUTE
    ../clib/angel/kernel.s                   0x00000000   Number         0  __rtentry4.o ABSOLUTE
    ../clib/angel/kernel.s                   0x00000000   Number         0  __rtentry.o ABSOLUTE
    ../clib/angel/kernel.s                   0x00000000   Number         0  rtexit2.o ABSOLUTE
    ../clib/angel/kernel.s                   0x00000000   Number         0  rtexit.o ABSOLUTE
    ../clib/angel/rt.s                       0x00000000   Number         0  aeabi_ldiv0_sigfpe.o ABSOLUTE
    ../clib/angel/rt.s                       0x00000000   Number         0  aeabi_ldiv0.o ABSOLUTE
    ../clib/angel/rt.s                       0x00000000   Number         0  rt_raise.o ABSOLUTE
    ../clib/angel/rt.s                       0x00000000   Number         0  rt_div0.o ABSOLUTE
    ../clib/angel/scatter.s                  0x00000000   Number         0  __scatter.o ABSOLUTE
    ../clib/angel/startup.s                  0x00000000   Number         0  __main.o ABSOLUTE
    ../clib/angel/sys.s                      0x00000000   Number         0  indicate_semi.o ABSOLUTE
    ../clib/angel/sys.s                      0x00000000   Number         0  libspace.o ABSOLUTE
    ../clib/angel/sys.s                      0x00000000   Number         0  sys_stackheap_outer.o ABSOLUTE
    ../clib/angel/sys.s                      0x00000000   Number         0  use_no_semi.o ABSOLUTE
    ../clib/angel/sysapp.c                   0x00000000   Number         0  sys_exit.o ABSOLUTE
    ../clib/angel/sysapp.c                   0x00000000   Number         0  sys_command.o ABSOLUTE
    ../clib/angel/sysapp.c                   0x00000000   Number         0  sys_wrch.o ABSOLUTE
    ../clib/armsys.c                         0x00000000   Number         0  argv_veneer.o ABSOLUTE
    ../clib/armsys.c                         0x00000000   Number         0  _get_argv_nomalloc.o ABSOLUTE
    ../clib/armsys.c                         0x00000000   Number         0  no_argv.o ABSOLUTE
    ../clib/armsys.c                         0x00000000   Number         0  argv_veneer.o ABSOLUTE
    ../clib/heapalloc.c                      0x00000000   Number         0  hrguard.o ABSOLUTE
    ../clib/heapaux.c                        0x00000000   Number         0  heapauxi.o ABSOLUTE
    ../clib/libinit.s                        0x00000000   Number         0  libshutdown.o ABSOLUTE
    ../clib/libinit.s                        0x00000000   Number         0  libinit.o ABSOLUTE
    ../clib/libinit.s                        0x00000000   Number         0  libshutdown2.o ABSOLUTE
    ../clib/libinit.s                        0x00000000   Number         0  libinit2.o ABSOLUTE
    ../clib/longlong.s                       0x00000000   Number         0  lludivv7m.o ABSOLUTE
    ../clib/memcpset.s                       0x00000000   Number         0  rt_memclr_w.o ABSOLUTE
    ../clib/signal.c                         0x00000000   Number         0  defsig_cppl_inner.o ABSOLUTE
    ../clib/signal.c                         0x00000000   Number         0  defsig_pvfn_inner.o ABSOLUTE
    ../clib/signal.c                         0x00000000   Number         0  defsig_stak_inner.o ABSOLUTE
    ../clib/signal.c                         0x00000000   Number         0  defsig_rtmem_formal.o ABSOLUTE
    ../clib/signal.c                         0x00000000   Number         0  defsig_rtmem_outer.o ABSOLUTE
    ../clib/signal.c                         0x00000000   Number         0  defsig_rtmem_inner.o ABSOLUTE
    ../clib/signal.c                         0x00000000   Number         0  defsig_segv_inner.o ABSOLUTE
    ../clib/signal.c                         0x00000000   Number         0  defsig_fpe_inner.o ABSOLUTE
    ../clib/signal.c                         0x00000000   Number         0  defsig_general.o ABSOLUTE
    ../clib/signal.c                         0x00000000   Number         0  __raise.o ABSOLUTE
    ../clib/signal.c                         0x00000000   Number         0  defsig_rtred_inner.o ABSOLUTE
    ../clib/signal.c                         0x00000000   Number         0  defsig_abrt_inner.o ABSOLUTE
    ../clib/signal.c                         0x00000000   Number         0  defsig_exit.o ABSOLUTE
    ../clib/signal.c                         0x00000000   Number         0  defsig_other.o ABSOLUTE
    ../clib/signal.c                         0x00000000   Number         0  defsig_fpe_formal.o ABSOLUTE
    ../clib/signal.c                         0x00000000   Number         0  defsig_fpe_outer.o ABSOLUTE
    ../clib/signal.s                         0x00000000   Number         0  defsig.o ABSOLUTE
    ../clib/stdlib.c                         0x00000000   Number         0  exit.o ABSOLUTE
    ../fplib/fpinit.s                        0x00000000   Number         0  fpinit.o ABSOLUTE
    ..\Core\Src\main.c                       0x00000000   Number         0  main.o ABSOLUTE
    ..\Core\Src\stm32f2xx_hal_msp.c          0x00000000   Number         0  stm32f2xx_hal_msp.o ABSOLUTE
    ..\Core\Src\stm32f2xx_it.c               0x00000000   Number         0  stm32f2xx_it.o ABSOLUTE
    ..\Core\Src\system_stm32f2xx.c           0x00000000   Number         0  system_stm32f2xx.o ABSOLUTE
    ..\Drivers\STM32F2xx_HAL_Driver\Src\stm32f2xx_hal.c 0x00000000   Number         0  stm32f2xx_hal.o ABSOLUTE
    ..\Drivers\STM32F2xx_HAL_Driver\Src\stm32f2xx_hal_cortex.c 0x00000000   Number         0  stm32f2xx_hal_cortex.o ABSOLUTE
    ..\Drivers\STM32F2xx_HAL_Driver\Src\stm32f2xx_hal_dma.c 0x00000000   Number         0  stm32f2xx_hal_dma.o ABSOLUTE
    ..\Drivers\STM32F2xx_HAL_Driver\Src\stm32f2xx_hal_dma_ex.c 0x00000000   Number         0  stm32f2xx_hal_dma_ex.o ABSOLUTE
    ..\Drivers\STM32F2xx_HAL_Driver\Src\stm32f2xx_hal_exti.c 0x00000000   Number         0  stm32f2xx_hal_exti.o ABSOLUTE
    ..\Drivers\STM32F2xx_HAL_Driver\Src\stm32f2xx_hal_flash.c 0x00000000   Number         0  stm32f2xx_hal_flash.o ABSOLUTE
    ..\Drivers\STM32F2xx_HAL_Driver\Src\stm32f2xx_hal_flash_ex.c 0x00000000   Number         0  stm32f2xx_hal_flash_ex.o ABSOLUTE
    ..\Drivers\STM32F2xx_HAL_Driver\Src\stm32f2xx_hal_gpio.c 0x00000000   Number         0  stm32f2xx_hal_gpio.o ABSOLUTE
    ..\Drivers\STM32F2xx_HAL_Driver\Src\stm32f2xx_hal_pwr.c 0x00000000   Number         0  stm32f2xx_hal_pwr.o ABSOLUTE
    ..\Drivers\STM32F2xx_HAL_Driver\Src\stm32f2xx_hal_pwr_ex.c 0x00000000   Number         0  stm32f2xx_hal_pwr_ex.o ABSOLUTE
    ..\Drivers\STM32F2xx_HAL_Driver\Src\stm32f2xx_hal_rcc.c 0x00000000   Number         0  stm32f2xx_hal_rcc.o ABSOLUTE
    ..\Drivers\STM32F2xx_HAL_Driver\Src\stm32f2xx_hal_rcc_ex.c 0x00000000   Number         0  stm32f2xx_hal_rcc_ex.o ABSOLUTE
    ..\Drivers\STM32F2xx_HAL_Driver\Src\stm32f2xx_hal_tim.c 0x00000000   Number         0  stm32f2xx_hal_tim.o ABSOLUTE
    ..\Drivers\STM32F2xx_HAL_Driver\Src\stm32f2xx_hal_tim_ex.c 0x00000000   Number         0  stm32f2xx_hal_tim_ex.o ABSOLUTE
    ..\Drivers\STM32F2xx_HAL_Driver\Src\stm32f2xx_hal_uart.c 0x00000000   Number         0  stm32f2xx_hal_uart.o ABSOLUTE
    dc.s                                     0x00000000   Number         0  dc.o ABSOLUTE
    startup_stm32f207xx.s                    0x00000000   Number         0  startup_stm32f207xx.o ABSOLUTE
    RESET                                    0x08000000   Section      388  startup_stm32f207xx.o(RESET)
    !!!main                                  0x08000184   Section        8  __main.o(!!!main)
    !!!scatter                               0x0800018c   Section       52  __scatter.o(!!!scatter)
    !!handler_copy                           0x080001c0   Section       26  __scatter_copy.o(!!handler_copy)
    !!handler_zi                             0x080001dc   Section       28  __scatter_zi.o(!!handler_zi)
    .ARM.Collect$$libinit$$00000000          0x080001f8   Section        2  libinit.o(.ARM.Collect$$libinit$$00000000)
    .ARM.Collect$$libinit$$00000002          0x080001fa   Section        0  libinit2.o(.ARM.Collect$$libinit$$00000002)
    .ARM.Collect$$libinit$$00000004          0x080001fa   Section        0  libinit2.o(.ARM.Collect$$libinit$$00000004)
    .ARM.Collect$$libinit$$0000000A          0x080001fa   Section        0  libinit2.o(.ARM.Collect$$libinit$$0000000A)
    .ARM.Collect$$libinit$$0000000C          0x080001fa   Section        0  libinit2.o(.ARM.Collect$$libinit$$0000000C)
    .ARM.Collect$$libinit$$0000000E          0x080001fa   Section        0  libinit2.o(.ARM.Collect$$libinit$$0000000E)
    .ARM.Collect$$libinit$$00000011          0x080001fa   Section        0  libinit2.o(.ARM.Collect$$libinit$$00000011)
    .ARM.Collect$$libinit$$00000013          0x080001fa   Section        0  libinit2.o(.ARM.Collect$$libinit$$00000013)
    .ARM.Collect$$libinit$$00000015          0x080001fa   Section        0  libinit2.o(.ARM.Collect$$libinit$$00000015)
    .ARM.Collect$$libinit$$00000017          0x080001fa   Section        0  libinit2.o(.ARM.Collect$$libinit$$00000017)
    .ARM.Collect$$libinit$$00000019          0x080001fa   Section        0  libinit2.o(.ARM.Collect$$libinit$$00000019)
    .ARM.Collect$$libinit$$0000001B          0x080001fa   Section        0  libinit2.o(.ARM.Collect$$libinit$$0000001B)
    .ARM.Collect$$libinit$$0000001D          0x080001fa   Section        0  libinit2.o(.ARM.Collect$$libinit$$0000001D)
    .ARM.Collect$$libinit$$0000001F          0x080001fa   Section        0  libinit2.o(.ARM.Collect$$libinit$$0000001F)
    .ARM.Collect$$libinit$$00000021          0x080001fa   Section        0  libinit2.o(.ARM.Collect$$libinit$$00000021)
    .ARM.Collect$$libinit$$00000023          0x080001fa   Section        0  libinit2.o(.ARM.Collect$$libinit$$00000023)
    .ARM.Collect$$libinit$$00000025          0x080001fa   Section        0  libinit2.o(.ARM.Collect$$libinit$$00000025)
    .ARM.Collect$$libinit$$0000002C          0x080001fa   Section        0  libinit2.o(.ARM.Collect$$libinit$$0000002C)
    .ARM.Collect$$libinit$$0000002E          0x080001fa   Section        0  libinit2.o(.ARM.Collect$$libinit$$0000002E)
    .ARM.Collect$$libinit$$00000030          0x080001fa   Section        0  libinit2.o(.ARM.Collect$$libinit$$00000030)
    .ARM.Collect$$libinit$$00000032          0x080001fa   Section        0  libinit2.o(.ARM.Collect$$libinit$$00000032)
    .ARM.Collect$$libinit$$00000033          0x080001fa   Section        2  libinit2.o(.ARM.Collect$$libinit$$00000033)
    .ARM.Collect$$libshutdown$$00000000      0x080001fc   Section        2  libshutdown.o(.ARM.Collect$$libshutdown$$00000000)
    .ARM.Collect$$libshutdown$$00000002      0x080001fe   Section        0  libshutdown2.o(.ARM.Collect$$libshutdown$$00000002)
    .ARM.Collect$$libshutdown$$00000004      0x080001fe   Section        0  libshutdown2.o(.ARM.Collect$$libshutdown$$00000004)
    .ARM.Collect$$libshutdown$$00000006      0x080001fe   Section        0  libshutdown2.o(.ARM.Collect$$libshutdown$$00000006)
    .ARM.Collect$$libshutdown$$00000009      0x080001fe   Section        0  libshutdown2.o(.ARM.Collect$$libshutdown$$00000009)
    .ARM.Collect$$libshutdown$$0000000C      0x080001fe   Section        0  libshutdown2.o(.ARM.Collect$$libshutdown$$0000000C)
    .ARM.Collect$$libshutdown$$0000000E      0x080001fe   Section        0  libshutdown2.o(.ARM.Collect$$libshutdown$$0000000E)
    .ARM.Collect$$libshutdown$$00000011      0x080001fe   Section        0  libshutdown2.o(.ARM.Collect$$libshutdown$$00000011)
    .ARM.Collect$$libshutdown$$00000012      0x080001fe   Section        2  libshutdown2.o(.ARM.Collect$$libshutdown$$00000012)
    .ARM.Collect$$rtentry$$00000000          0x08000200   Section        0  __rtentry.o(.ARM.Collect$$rtentry$$00000000)
    .ARM.Collect$$rtentry$$00000002          0x08000200   Section        0  __rtentry2.o(.ARM.Collect$$rtentry$$00000002)
    .ARM.Collect$$rtentry$$00000004          0x08000200   Section        6  __rtentry4.o(.ARM.Collect$$rtentry$$00000004)
    .ARM.Collect$$rtentry$$00000009          0x08000206   Section        0  __rtentry2.o(.ARM.Collect$$rtentry$$00000009)
    .ARM.Collect$$rtentry$$0000000A          0x08000206   Section        4  __rtentry2.o(.ARM.Collect$$rtentry$$0000000A)
    .ARM.Collect$$rtentry$$0000000C          0x0800020a   Section        0  __rtentry2.o(.ARM.Collect$$rtentry$$0000000C)
    .ARM.Collect$$rtentry$$0000000D          0x0800020a   Section        8  __rtentry2.o(.ARM.Collect$$rtentry$$0000000D)
    .ARM.Collect$$rtexit$$00000000           0x08000212   Section        2  rtexit.o(.ARM.Collect$$rtexit$$00000000)
    .ARM.Collect$$rtexit$$00000002           0x08000214   Section        0  rtexit2.o(.ARM.Collect$$rtexit$$00000002)
    .ARM.Collect$$rtexit$$00000003           0x08000214   Section        4  rtexit2.o(.ARM.Collect$$rtexit$$00000003)
    .ARM.Collect$$rtexit$$00000004           0x08000218   Section        6  rtexit2.o(.ARM.Collect$$rtexit$$00000004)
    .text                                    0x08000220   Section       64  startup_stm32f207xx.o(.text)
    .text                                    0x08000260   Section      238  lludivv7m.o(.text)
    .text                                    0x0800034e   Section       78  rt_memclr_w.o(.text)
    .text                                    0x0800039c   Section        0  heapauxi.o(.text)
    .text                                    0x080003a2   Section       74  sys_stackheap_outer.o(.text)
    .text                                    0x080003ec   Section        0  exit.o(.text)
    .text                                    0x08000400   Section        8  libspace.o(.text)
    .text                                    0x08000408   Section        0  sys_exit.o(.text)
    .text                                    0x08000414   Section        2  use_no_semi.o(.text)
    .text                                    0x08000416   Section        0  indicate_semi.o(.text)
    i.BusFault_Handler                       0x08000416   Section        0  stm32f2xx_it.o(i.BusFault_Handler)
    i.DebugMon_Handler                       0x08000418   Section        0  stm32f2xx_it.o(i.DebugMon_Handler)
    i.HAL_Delay                              0x0800041c   Section        0  stm32f2xx_hal.o(i.HAL_Delay)
    i.HAL_GPIO_Init                          0x08000440   Section        0  stm32f2xx_hal_gpio.o(i.HAL_GPIO_Init)
    i.HAL_GPIO_ReadPin                       0x080006c8   Section        0  stm32f2xx_hal_gpio.o(i.HAL_GPIO_ReadPin)
    i.HAL_GPIO_WritePin                      0x080006d2   Section        0  stm32f2xx_hal_gpio.o(i.HAL_GPIO_WritePin)
    i.HAL_GetTick                            0x080006dc   Section        0  stm32f2xx_hal.o(i.HAL_GetTick)
    i.HAL_IncTick                            0x080006e8   Section        0  stm32f2xx_hal.o(i.HAL_IncTick)
    i.HAL_Init                               0x080006f8   Section        0  stm32f2xx_hal.o(i.HAL_Init)
    i.HAL_InitTick                           0x0800072c   Section        0  stm32f2xx_hal.o(i.HAL_InitTick)
    i.HAL_MspInit                            0x0800076c   Section        0  stm32f2xx_hal_msp.o(i.HAL_MspInit)
    i.HAL_NVIC_SetPriority                   0x0800079c   Section        0  stm32f2xx_hal_cortex.o(i.HAL_NVIC_SetPriority)
    i.HAL_NVIC_SetPriorityGrouping           0x080007dc   Section        0  stm32f2xx_hal_cortex.o(i.HAL_NVIC_SetPriorityGrouping)
    i.HAL_RCC_ClockConfig                    0x08000800   Section        0  stm32f2xx_hal_rcc.o(i.HAL_RCC_ClockConfig)
    i.HAL_RCC_GetPCLK1Freq                   0x0800093c   Section        0  stm32f2xx_hal_rcc.o(i.HAL_RCC_GetPCLK1Freq)
    i.HAL_RCC_GetPCLK2Freq                   0x0800096c   Section        0  stm32f2xx_hal_rcc.o(i.HAL_RCC_GetPCLK2Freq)
    i.HAL_RCC_GetSysClockFreq                0x0800099c   Section        0  stm32f2xx_hal_rcc.o(i.HAL_RCC_GetSysClockFreq)
    i.HAL_RCC_OscConfig                      0x08000a00   Section        0  stm32f2xx_hal_rcc.o(i.HAL_RCC_OscConfig)
    i.HAL_SYSTICK_Config                     0x08000d38   Section        0  stm32f2xx_hal_cortex.o(i.HAL_SYSTICK_Config)
    i.HAL_UART_Init                          0x08000d60   Section        0  stm32f2xx_hal_uart.o(i.HAL_UART_Init)
    i.HAL_UART_MspInit                       0x08000dc4   Section        0  stm32f2xx_hal_msp.o(i.HAL_UART_MspInit)
    i.HAL_UART_Transmit                      0x08000e2c   Section        0  stm32f2xx_hal_uart.o(i.HAL_UART_Transmit)
    i.HardFault_Handler                      0x08000ede   Section        0  stm32f2xx_it.o(i.HardFault_Handler)
    i.MX_GPIO_Init                           0x08000ee0   Section        0  main.o(i.MX_GPIO_Init)
    MX_GPIO_Init                             0x08000ee1   Thumb Code   180  main.o(i.MX_GPIO_Init)
    i.MemManage_Handler                      0x08000fa4   Section        0  stm32f2xx_it.o(i.MemManage_Handler)
    i.NMI_Handler                            0x08000fa6   Section        0  stm32f2xx_it.o(i.NMI_Handler)
    i.PendSV_Handler                         0x08000fa8   Section        0  stm32f2xx_it.o(i.PendSV_Handler)
    i.SVC_Handler                            0x08000faa   Section        0  stm32f2xx_it.o(i.SVC_Handler)
    i.Serial_print_char                      0x08000fac   Section        0  main.o(i.Serial_print_char)
    i.Serial_print_int                       0x08000fc0   Section        0  main.o(i.Serial_print_int)
    i.Serial_print_string                    0x08001000   Section        0  main.o(i.Serial_print_string)
    i.SysTick_Handler                        0x08001024   Section        0  stm32f2xx_it.o(i.SysTick_Handler)
    i.SystemClock_Config                     0x08001028   Section        0  main.o(i.SystemClock_Config)
    i.SystemInit                             0x08001078   Section        0  system_stm32f2xx.o(i.SystemInit)
    i.UART_SetConfig                         0x0800107c   Section        0  stm32f2xx_hal_uart.o(i.UART_SetConfig)
    UART_SetConfig                           0x0800107d   Thumb Code   284  stm32f2xx_hal_uart.o(i.UART_SetConfig)
    i.UART_WaitOnFlagUntilTimeout            0x080011a0   Section        0  stm32f2xx_hal_uart.o(i.UART_WaitOnFlagUntilTimeout)
    UART_WaitOnFlagUntilTimeout              0x080011a1   Thumb Code   100  stm32f2xx_hal_uart.o(i.UART_WaitOnFlagUntilTimeout)
    i.UsageFault_Handler                     0x08001204   Section        0  stm32f2xx_it.o(i.UsageFault_Handler)
    i.__NVIC_SetPriority                     0x08001206   Section        0  stm32f2xx_hal_cortex.o(i.__NVIC_SetPriority)
    __NVIC_SetPriority                       0x08001207   Thumb Code    32  stm32f2xx_hal_cortex.o(i.__NVIC_SetPriority)
    i.config_Din                             0x08001228   Section        0  main.o(i.config_Din)
    config_Din                               0x08001229   Thumb Code   120  main.o(i.config_Din)
    i.config_Dout                            0x080012ac   Section        0  main.o(i.config_Dout)
    config_Dout                              0x080012ad   Thumb Code   124  main.o(i.config_Dout)
    i.goto_mem_addr                          0x08001334   Section        0  main.o(i.goto_mem_addr)
    i.main                                   0x080014b4   Section        0  main.o(i.main)
    i.pop_byte                               0x0800150c   Section        0  main.o(i.pop_byte)
    i.proc_byte                              0x0800155c   Section        0  main.o(i.proc_byte)
    i.push_byte                              0x08001588   Section        0  main.o(i.push_byte)
    i.read_byte                              0x080015d8   Section        0  main.o(i.read_byte)
    i.write_byte                             0x080016a8   Section        0  main.o(i.write_byte)
    .constdata                               0x080017bc   Section       16  system_stm32f2xx.o(.constdata)
    .constdata                               0x080017cc   Section        8  system_stm32f2xx.o(.constdata)
    .data                                    0x20000000   Section       12  stm32f2xx_hal.o(.data)
    .data                                    0x2000000c   Section        4  system_stm32f2xx.o(.data)
    .bss                                     0x20000010   Section       68  main.o(.bss)
    .bss                                     0x20000054   Section       96  libspace.o(.bss)
    HEAP                                     0x200000b8   Section      512  startup_stm32f207xx.o(HEAP)
    Heap_Mem                                 0x200000b8   Data         512  startup_stm32f207xx.o(HEAP)
    STACK                                    0x200002b8   Section     1024  startup_stm32f207xx.o(STACK)
    Stack_Mem                                0x200002b8   Data        1024  startup_stm32f207xx.o(STACK)
    __initial_sp                             0x200006b8   Data           0  startup_stm32f207xx.o(STACK)

    Global Symbols

    Symbol Name                              Value     Ov Type        Size  Object(Section)

    BuildAttributes$$THM_ISAv4$P$D$K$B$S$PE$A:L22UL41UL21$X:L11$S22US41US21$IEEE1$IW$USESV6$~STKCKD$USESV7$~SHL$OSPACE$ROPI$EBA8$UX$STANDARDLIB$REQ8$PRES8$EABIv2 0x00000000   Number         0  anon$$obj.o ABSOLUTE
    __ARM_use_no_argv                        0x00000000   Number         0  main.o ABSOLUTE
    __ARM_exceptions_init                     - Undefined Weak Reference
    __alloca_initialize                       - Undefined Weak Reference
    __arm_fini_                               - Undefined Weak Reference
    __arm_preinit_                            - Undefined Weak Reference
    __cpp_initialize__aeabi_                  - Undefined Weak Reference
    __cxa_finalize                            - Undefined Weak Reference
    __rt_locale                               - Undefined Weak Reference
    __sigvec_lookup                           - Undefined Weak Reference
    _atexit_init                              - Undefined Weak Reference
    _call_atexit_fns                          - Undefined Weak Reference
    _clock_init                               - Undefined Weak Reference
    _fp_trap_init                             - Undefined Weak Reference
    _fp_trap_shutdown                         - Undefined Weak Reference
    _get_lc_collate                           - Undefined Weak Reference
    _get_lc_ctype                             - Undefined Weak Reference
    _get_lc_monetary                          - Undefined Weak Reference
    _get_lc_numeric                           - Undefined Weak Reference
    _get_lc_time                              - Undefined Weak Reference
    _getenv_init                              - Undefined Weak Reference
    _handle_redirection                       - Undefined Weak Reference
    _init_alloc                               - Undefined Weak Reference
    _init_user_alloc                          - Undefined Weak Reference
    _initio                                   - Undefined Weak Reference
    _rand_init                                - Undefined Weak Reference
    _signal_finish                            - Undefined Weak Reference
    _signal_init                              - Undefined Weak Reference
    _terminate_alloc                          - Undefined Weak Reference
    _terminate_user_alloc                     - Undefined Weak Reference
    _terminateio                              - Undefined Weak Reference
    __Vectors_Size                           0x00000184   Number         0  startup_stm32f207xx.o ABSOLUTE
    __Vectors                                0x08000000   Data           4  startup_stm32f207xx.o(RESET)
    __Vectors_End                            0x08000184   Data           0  startup_stm32f207xx.o(RESET)
    __main                                   0x08000185   Thumb Code     8  __main.o(!!!main)
    __scatterload                            0x0800018d   Thumb Code     0  __scatter.o(!!!scatter)
    __scatterload_rt2                        0x0800018d   Thumb Code    44  __scatter.o(!!!scatter)
    __scatterload_rt2_thumb_only             0x0800018d   Thumb Code     0  __scatter.o(!!!scatter)
    __scatterload_null                       0x0800019b   Thumb Code     0  __scatter.o(!!!scatter)
    __scatterload_copy                       0x080001c1   Thumb Code    26  __scatter_copy.o(!!handler_copy)
    __scatterload_zeroinit                   0x080001dd   Thumb Code    28  __scatter_zi.o(!!handler_zi)
    __rt_lib_init                            0x080001f9   Thumb Code     0  libinit.o(.ARM.Collect$$libinit$$00000000)
    __rt_lib_init_alloca_1                   0x080001fb   Thumb Code     0  libinit2.o(.ARM.Collect$$libinit$$0000002E)
    __rt_lib_init_argv_1                     0x080001fb   Thumb Code     0  libinit2.o(.ARM.Collect$$libinit$$0000002C)
    __rt_lib_init_atexit_1                   0x080001fb   Thumb Code     0  libinit2.o(.ARM.Collect$$libinit$$0000001B)
    __rt_lib_init_clock_1                    0x080001fb   Thumb Code     0  libinit2.o(.ARM.Collect$$libinit$$00000021)
    __rt_lib_init_cpp_1                      0x080001fb   Thumb Code     0  libinit2.o(.ARM.Collect$$libinit$$00000032)
    __rt_lib_init_exceptions_1               0x080001fb   Thumb Code     0  libinit2.o(.ARM.Collect$$libinit$$00000030)
    __rt_lib_init_fp_1                       0x080001fb   Thumb Code     0  libinit2.o(.ARM.Collect$$libinit$$00000002)
    __rt_lib_init_fp_trap_1                  0x080001fb   Thumb Code     0  libinit2.o(.ARM.Collect$$libinit$$0000001F)
    __rt_lib_init_getenv_1                   0x080001fb   Thumb Code     0  libinit2.o(.ARM.Collect$$libinit$$00000023)
    __rt_lib_init_heap_1                     0x080001fb   Thumb Code     0  libinit2.o(.ARM.Collect$$libinit$$0000000A)
    __rt_lib_init_lc_collate_1               0x080001fb   Thumb Code     0  libinit2.o(.ARM.Collect$$libinit$$00000011)
    __rt_lib_init_lc_ctype_1                 0x080001fb   Thumb Code     0  libinit2.o(.ARM.Collect$$libinit$$00000013)
    __rt_lib_init_lc_monetary_1              0x080001fb   Thumb Code     0  libinit2.o(.ARM.Collect$$libinit$$00000015)
    __rt_lib_init_lc_numeric_1               0x080001fb   Thumb Code     0  libinit2.o(.ARM.Collect$$libinit$$00000017)
    __rt_lib_init_lc_time_1                  0x080001fb   Thumb Code     0  libinit2.o(.ARM.Collect$$libinit$$00000019)
    __rt_lib_init_preinit_1                  0x080001fb   Thumb Code     0  libinit2.o(.ARM.Collect$$libinit$$00000004)
    __rt_lib_init_rand_1                     0x080001fb   Thumb Code     0  libinit2.o(.ARM.Collect$$libinit$$0000000E)
    __rt_lib_init_return                     0x080001fb   Thumb Code     0  libinit2.o(.ARM.Collect$$libinit$$00000033)
    __rt_lib_init_signal_1                   0x080001fb   Thumb Code     0  libinit2.o(.ARM.Collect$$libinit$$0000001D)
    __rt_lib_init_stdio_1                    0x080001fb   Thumb Code     0  libinit2.o(.ARM.Collect$$libinit$$00000025)
    __rt_lib_init_user_alloc_1               0x080001fb   Thumb Code     0  libinit2.o(.ARM.Collect$$libinit$$0000000C)
    __rt_lib_shutdown                        0x080001fd   Thumb Code     0  libshutdown.o(.ARM.Collect$$libshutdown$$00000000)
    __rt_lib_shutdown_cpp_1                  0x080001ff   Thumb Code     0  libshutdown2.o(.ARM.Collect$$libshutdown$$00000004)
    __rt_lib_shutdown_fini_1                 0x080001ff   Thumb Code     0  libshutdown2.o(.ARM.Collect$$libshutdown$$00000002)
    __rt_lib_shutdown_fp_trap_1              0x080001ff   Thumb Code     0  libshutdown2.o(.ARM.Collect$$libshutdown$$00000009)
    __rt_lib_shutdown_heap_1                 0x080001ff   Thumb Code     0  libshutdown2.o(.ARM.Collect$$libshutdown$$00000011)
    __rt_lib_shutdown_return                 0x080001ff   Thumb Code     0  libshutdown2.o(.ARM.Collect$$libshutdown$$00000012)
    __rt_lib_shutdown_signal_1               0x080001ff   Thumb Code     0  libshutdown2.o(.ARM.Collect$$libshutdown$$0000000C)
    __rt_lib_shutdown_stdio_1                0x080001ff   Thumb Code     0  libshutdown2.o(.ARM.Collect$$libshutdown$$00000006)
    __rt_lib_shutdown_user_alloc_1           0x080001ff   Thumb Code     0  libshutdown2.o(.ARM.Collect$$libshutdown$$0000000E)
    __rt_entry                               0x08000201   Thumb Code     0  __rtentry.o(.ARM.Collect$$rtentry$$00000000)
    __rt_entry_presh_1                       0x08000201   Thumb Code     0  __rtentry2.o(.ARM.Collect$$rtentry$$00000002)
    __rt_entry_sh                            0x08000201   Thumb Code     0  __rtentry4.o(.ARM.Collect$$rtentry$$00000004)
    __rt_entry_li                            0x08000207   Thumb Code     0  __rtentry2.o(.ARM.Collect$$rtentry$$0000000A)
    __rt_entry_postsh_1                      0x08000207   Thumb Code     0  __rtentry2.o(.ARM.Collect$$rtentry$$00000009)
    __rt_entry_main                          0x0800020b   Thumb Code     0  __rtentry2.o(.ARM.Collect$$rtentry$$0000000D)
    __rt_entry_postli_1                      0x0800020b   Thumb Code     0  __rtentry2.o(.ARM.Collect$$rtentry$$0000000C)
    __rt_exit                                0x08000213   Thumb Code     0  rtexit.o(.ARM.Collect$$rtexit$$00000000)
    __rt_exit_ls                             0x08000215   Thumb Code     0  rtexit2.o(.ARM.Collect$$rtexit$$00000003)
    __rt_exit_prels_1                        0x08000215   Thumb Code     0  rtexit2.o(.ARM.Collect$$rtexit$$00000002)
    __rt_exit_exit                           0x08000219   Thumb Code     0  rtexit2.o(.ARM.Collect$$rtexit$$00000004)
    Reset_Handler                            0x08000221   Thumb Code     8  startup_stm32f207xx.o(.text)
    ADC_IRQHandler                           0x0800023b   Thumb Code     0  startup_stm32f207xx.o(.text)
    CAN1_RX0_IRQHandler                      0x0800023b   Thumb Code     0  startup_stm32f207xx.o(.text)
    CAN1_RX1_IRQHandler                      0x0800023b   Thumb Code     0  startup_stm32f207xx.o(.text)
    CAN1_SCE_IRQHandler                      0x0800023b   Thumb Code     0  startup_stm32f207xx.o(.text)
    CAN1_TX_IRQHandler                       0x0800023b   Thumb Code     0  startup_stm32f207xx.o(.text)
    CAN2_RX0_IRQHandler                      0x0800023b   Thumb Code     0  startup_stm32f207xx.o(.text)
    CAN2_RX1_IRQHandler                      0x0800023b   Thumb Code     0  startup_stm32f207xx.o(.text)
    CAN2_SCE_IRQHandler                      0x0800023b   Thumb Code     0  startup_stm32f207xx.o(.text)
    CAN2_TX_IRQHandler                       0x0800023b   Thumb Code     0  startup_stm32f207xx.o(.text)
    DCMI_IRQHandler                          0x0800023b   Thumb Code     0  startup_stm32f207xx.o(.text)
    DMA1_Stream0_IRQHandler                  0x0800023b   Thumb Code     0  startup_stm32f207xx.o(.text)
    DMA1_Stream1_IRQHandler                  0x0800023b   Thumb Code     0  startup_stm32f207xx.o(.text)
    DMA1_Stream2_IRQHandler                  0x0800023b   Thumb Code     0  startup_stm32f207xx.o(.text)
    DMA1_Stream3_IRQHandler                  0x0800023b   Thumb Code     0  startup_stm32f207xx.o(.text)
    DMA1_Stream4_IRQHandler                  0x0800023b   Thumb Code     0  startup_stm32f207xx.o(.text)
    DMA1_Stream5_IRQHandler                  0x0800023b   Thumb Code     0  startup_stm32f207xx.o(.text)
    DMA1_Stream6_IRQHandler                  0x0800023b   Thumb Code     0  startup_stm32f207xx.o(.text)
    DMA1_Stream7_IRQHandler                  0x0800023b   Thumb Code     0  startup_stm32f207xx.o(.text)
    DMA2_Stream0_IRQHandler                  0x0800023b   Thumb Code     0  startup_stm32f207xx.o(.text)
    DMA2_Stream1_IRQHandler                  0x0800023b   Thumb Code     0  startup_stm32f207xx.o(.text)
    DMA2_Stream2_IRQHandler                  0x0800023b   Thumb Code     0  startup_stm32f207xx.o(.text)
    DMA2_Stream3_IRQHandler                  0x0800023b   Thumb Code     0  startup_stm32f207xx.o(.text)
    DMA2_Stream4_IRQHandler                  0x0800023b   Thumb Code     0  startup_stm32f207xx.o(.text)
    DMA2_Stream5_IRQHandler                  0x0800023b   Thumb Code     0  startup_stm32f207xx.o(.text)
    DMA2_Stream6_IRQHandler                  0x0800023b   Thumb Code     0  startup_stm32f207xx.o(.text)
    DMA2_Stream7_IRQHandler                  0x0800023b   Thumb Code     0  startup_stm32f207xx.o(.text)
    ETH_IRQHandler                           0x0800023b   Thumb Code     0  startup_stm32f207xx.o(.text)
    ETH_WKUP_IRQHandler                      0x0800023b   Thumb Code     0  startup_stm32f207xx.o(.text)
    EXTI0_IRQHandler                         0x0800023b   Thumb Code     0  startup_stm32f207xx.o(.text)
    EXTI15_10_IRQHandler                     0x0800023b   Thumb Code     0  startup_stm32f207xx.o(.text)
    EXTI1_IRQHandler                         0x0800023b   Thumb Code     0  startup_stm32f207xx.o(.text)
    EXTI2_IRQHandler                         0x0800023b   Thumb Code     0  startup_stm32f207xx.o(.text)
    EXTI3_IRQHandler                         0x0800023b   Thumb Code     0  startup_stm32f207xx.o(.text)
    EXTI4_IRQHandler                         0x0800023b   Thumb Code     0  startup_stm32f207xx.o(.text)
    EXTI9_5_IRQHandler                       0x0800023b   Thumb Code     0  startup_stm32f207xx.o(.text)
    FLASH_IRQHandler                         0x0800023b   Thumb Code     0  startup_stm32f207xx.o(.text)
    FSMC_IRQHandler                          0x0800023b   Thumb Code     0  startup_stm32f207xx.o(.text)
    HASH_RNG_IRQHandler                      0x0800023b   Thumb Code     0  startup_stm32f207xx.o(.text)
    I2C1_ER_IRQHandler                       0x0800023b   Thumb Code     0  startup_stm32f207xx.o(.text)
    I2C1_EV_IRQHandler                       0x0800023b   Thumb Code     0  startup_stm32f207xx.o(.text)
    I2C2_ER_IRQHandler                       0x0800023b   Thumb Code     0  startup_stm32f207xx.o(.text)
    I2C2_EV_IRQHandler                       0x0800023b   Thumb Code     0  startup_stm32f207xx.o(.text)
    I2C3_ER_IRQHandler                       0x0800023b   Thumb Code     0  startup_stm32f207xx.o(.text)
    I2C3_EV_IRQHandler                       0x0800023b   Thumb Code     0  startup_stm32f207xx.o(.text)
    OTG_FS_IRQHandler                        0x0800023b   Thumb Code     0  startup_stm32f207xx.o(.text)
    OTG_FS_WKUP_IRQHandler                   0x0800023b   Thumb Code     0  startup_stm32f207xx.o(.text)
    OTG_HS_EP1_IN_IRQHandler                 0x0800023b   Thumb Code     0  startup_stm32f207xx.o(.text)
    OTG_HS_EP1_OUT_IRQHandler                0x0800023b   Thumb Code     0  startup_stm32f207xx.o(.text)
    OTG_HS_IRQHandler                        0x0800023b   Thumb Code     0  startup_stm32f207xx.o(.text)
    OTG_HS_WKUP_IRQHandler                   0x0800023b   Thumb Code     0  startup_stm32f207xx.o(.text)
    PVD_IRQHandler                           0x0800023b   Thumb Code     0  startup_stm32f207xx.o(.text)
    RCC_IRQHandler                           0x0800023b   Thumb Code     0  startup_stm32f207xx.o(.text)
    RTC_Alarm_IRQHandler                     0x0800023b   Thumb Code     0  startup_stm32f207xx.o(.text)
    RTC_WKUP_IRQHandler                      0x0800023b   Thumb Code     0  startup_stm32f207xx.o(.text)
    SDIO_IRQHandler                          0x0800023b   Thumb Code     0  startup_stm32f207xx.o(.text)
    SPI1_IRQHandler                          0x0800023b   Thumb Code     0  startup_stm32f207xx.o(.text)
    SPI2_IRQHandler                          0x0800023b   Thumb Code     0  startup_stm32f207xx.o(.text)
    SPI3_IRQHandler                          0x0800023b   Thumb Code     0  startup_stm32f207xx.o(.text)
    TAMP_STAMP_IRQHandler                    0x0800023b   Thumb Code     0  startup_stm32f207xx.o(.text)
    TIM1_BRK_TIM9_IRQHandler                 0x0800023b   Thumb Code     0  startup_stm32f207xx.o(.text)
    TIM1_CC_IRQHandler                       0x0800023b   Thumb Code     0  startup_stm32f207xx.o(.text)
    TIM1_TRG_COM_TIM11_IRQHandler            0x0800023b   Thumb Code     0  startup_stm32f207xx.o(.text)
    TIM1_UP_TIM10_IRQHandler                 0x0800023b   Thumb Code     0  startup_stm32f207xx.o(.text)
    TIM2_IRQHandler                          0x0800023b   Thumb Code     0  startup_stm32f207xx.o(.text)
    TIM3_IRQHandler                          0x0800023b   Thumb Code     0  startup_stm32f207xx.o(.text)
    TIM4_IRQHandler                          0x0800023b   Thumb Code     0  startup_stm32f207xx.o(.text)
    TIM5_IRQHandler                          0x0800023b   Thumb Code     0  startup_stm32f207xx.o(.text)
    TIM6_DAC_IRQHandler                      0x0800023b   Thumb Code     0  startup_stm32f207xx.o(.text)
    TIM7_IRQHandler                          0x0800023b   Thumb Code     0  startup_stm32f207xx.o(.text)
    TIM8_BRK_TIM12_IRQHandler                0x0800023b   Thumb Code     0  startup_stm32f207xx.o(.text)
    TIM8_CC_IRQHandler                       0x0800023b   Thumb Code     0  startup_stm32f207xx.o(.text)
    TIM8_TRG_COM_TIM14_IRQHandler            0x0800023b   Thumb Code     0  startup_stm32f207xx.o(.text)
    TIM8_UP_TIM13_IRQHandler                 0x0800023b   Thumb Code     0  startup_stm32f207xx.o(.text)
    UART4_IRQHandler                         0x0800023b   Thumb Code     0  startup_stm32f207xx.o(.text)
    UART5_IRQHandler                         0x0800023b   Thumb Code     0  startup_stm32f207xx.o(.text)
    USART1_IRQHandler                        0x0800023b   Thumb Code     0  startup_stm32f207xx.o(.text)
    USART2_IRQHandler                        0x0800023b   Thumb Code     0  startup_stm32f207xx.o(.text)
    USART3_IRQHandler                        0x0800023b   Thumb Code     0  startup_stm32f207xx.o(.text)
    USART6_IRQHandler                        0x0800023b   Thumb Code     0  startup_stm32f207xx.o(.text)
    WWDG_IRQHandler                          0x0800023b   Thumb Code     0  startup_stm32f207xx.o(.text)
    __user_initial_stackheap                 0x0800023d   Thumb Code     0  startup_stm32f207xx.o(.text)
    __aeabi_uldivmod                         0x08000261   Thumb Code     0  lludivv7m.o(.text)
    _ll_udiv                                 0x08000261   Thumb Code   238  lludivv7m.o(.text)
    __aeabi_memclr4                          0x0800034f   Thumb Code     0  rt_memclr_w.o(.text)
    __aeabi_memclr8                          0x0800034f   Thumb Code     0  rt_memclr_w.o(.text)
    __rt_memclr_w                            0x0800034f   Thumb Code    78  rt_memclr_w.o(.text)
    _memset_w                                0x08000353   Thumb Code     0  rt_memclr_w.o(.text)
    __use_two_region_memory                  0x0800039d   Thumb Code     2  heapauxi.o(.text)
    __rt_heap_escrow$2region                 0x0800039f   Thumb Code     2  heapauxi.o(.text)
    __rt_heap_expand$2region                 0x080003a1   Thumb Code     2  heapauxi.o(.text)
    __user_setup_stackheap                   0x080003a3   Thumb Code    74  sys_stackheap_outer.o(.text)
    exit                                     0x080003ed   Thumb Code    18  exit.o(.text)
    __user_libspace                          0x08000401   Thumb Code     8  libspace.o(.text)
    __user_perproc_libspace                  0x08000401   Thumb Code     0  libspace.o(.text)
    __user_perthread_libspace                0x08000401   Thumb Code     0  libspace.o(.text)
    _sys_exit                                0x08000409   Thumb Code     8  sys_exit.o(.text)
    __I$use$semihosting                      0x08000415   Thumb Code     0  use_no_semi.o(.text)
    __use_no_semihosting_swi                 0x08000415   Thumb Code     2  use_no_semi.o(.text)
    BusFault_Handler                         0x08000417   Thumb Code     2  stm32f2xx_it.o(i.BusFault_Handler)
    __semihosting_library_function           0x08000417   Thumb Code     0  indicate_semi.o(.text)
    DebugMon_Handler                         0x08000419   Thumb Code     2  stm32f2xx_it.o(i.DebugMon_Handler)
    HAL_Delay                                0x0800041d   Thumb Code    32  stm32f2xx_hal.o(i.HAL_Delay)
    HAL_GPIO_Init                            0x08000441   Thumb Code   598  stm32f2xx_hal_gpio.o(i.HAL_GPIO_Init)
    HAL_GPIO_ReadPin                         0x080006c9   Thumb Code    10  stm32f2xx_hal_gpio.o(i.HAL_GPIO_ReadPin)
    HAL_GPIO_WritePin                        0x080006d3   Thumb Code    10  stm32f2xx_hal_gpio.o(i.HAL_GPIO_WritePin)
    HAL_GetTick                              0x080006dd   Thumb Code     6  stm32f2xx_hal.o(i.HAL_GetTick)
    HAL_IncTick                              0x080006e9   Thumb Code    12  stm32f2xx_hal.o(i.HAL_IncTick)
    HAL_Init                                 0x080006f9   Thumb Code    48  stm32f2xx_hal.o(i.HAL_Init)
    HAL_InitTick                             0x0800072d   Thumb Code    54  stm32f2xx_hal.o(i.HAL_InitTick)
    HAL_MspInit                              0x0800076d   Thumb Code    42  stm32f2xx_hal_msp.o(i.HAL_MspInit)
    HAL_NVIC_SetPriority                     0x0800079d   Thumb Code    60  stm32f2xx_hal_cortex.o(i.HAL_NVIC_SetPriority)
    HAL_NVIC_SetPriorityGrouping             0x080007dd   Thumb Code    26  stm32f2xx_hal_cortex.o(i.HAL_NVIC_SetPriorityGrouping)
    HAL_RCC_ClockConfig                      0x08000801   Thumb Code   296  stm32f2xx_hal_rcc.o(i.HAL_RCC_ClockConfig)
    HAL_RCC_GetPCLK1Freq                     0x0800093d   Thumb Code    34  stm32f2xx_hal_rcc.o(i.HAL_RCC_GetPCLK1Freq)
    HAL_RCC_GetPCLK2Freq                     0x0800096d   Thumb Code    34  stm32f2xx_hal_rcc.o(i.HAL_RCC_GetPCLK2Freq)
    HAL_RCC_GetSysClockFreq                  0x0800099d   Thumb Code    88  stm32f2xx_hal_rcc.o(i.HAL_RCC_GetSysClockFreq)
    HAL_RCC_OscConfig                        0x08000a01   Thumb Code   800  stm32f2xx_hal_rcc.o(i.HAL_RCC_OscConfig)
    HAL_SYSTICK_Config                       0x08000d39   Thumb Code    40  stm32f2xx_hal_cortex.o(i.HAL_SYSTICK_Config)
    HAL_UART_Init                            0x08000d61   Thumb Code    98  stm32f2xx_hal_uart.o(i.HAL_UART_Init)
    HAL_UART_MspInit                         0x08000dc5   Thumb Code    90  stm32f2xx_hal_msp.o(i.HAL_UART_MspInit)
    HAL_UART_Transmit                        0x08000e2d   Thumb Code   178  stm32f2xx_hal_uart.o(i.HAL_UART_Transmit)
    HardFault_Handler                        0x08000edf   Thumb Code     2  stm32f2xx_it.o(i.HardFault_Handler)
    MemManage_Handler                        0x08000fa5   Thumb Code     2  stm32f2xx_it.o(i.MemManage_Handler)
    NMI_Handler                              0x08000fa7   Thumb Code     2  stm32f2xx_it.o(i.NMI_Handler)
    PendSV_Handler                           0x08000fa9   Thumb Code     2  stm32f2xx_it.o(i.PendSV_Handler)
    SVC_Handler                              0x08000fab   Thumb Code     2  stm32f2xx_it.o(i.SVC_Handler)
    Serial_print_char                        0x08000fad   Thumb Code    16  main.o(i.Serial_print_char)
    Serial_print_int                         0x08000fc1   Thumb Code    64  main.o(i.Serial_print_int)
    Serial_print_string                      0x08001001   Thumb Code    32  main.o(i.Serial_print_string)
    SysTick_Handler                          0x08001025   Thumb Code     4  stm32f2xx_it.o(i.SysTick_Handler)
    SystemClock_Config                       0x08001029   Thumb Code    80  main.o(i.SystemClock_Config)
    SystemInit                               0x08001079   Thumb Code     2  system_stm32f2xx.o(i.SystemInit)
    UsageFault_Handler                       0x08001205   Thumb Code     2  stm32f2xx_it.o(i.UsageFault_Handler)
    goto_mem_addr                            0x08001335   Thumb Code   376  main.o(i.goto_mem_addr)
    main                                     0x080014b5   Thumb Code    80  main.o(i.main)
    pop_byte                                 0x0800150d   Thumb Code    60  main.o(i.pop_byte)
    proc_byte                                0x0800155d   Thumb Code    44  main.o(i.proc_byte)
    push_byte                                0x08001589   Thumb Code    64  main.o(i.push_byte)
    read_byte                                0x080015d9   Thumb Code   198  main.o(i.read_byte)
    write_byte                               0x080016a9   Thumb Code   268  main.o(i.write_byte)
    AHBPrescTable                            0x080017bc   Data          16  system_stm32f2xx.o(.constdata)
    APBPrescTable                            0x080017cc   Data           8  system_stm32f2xx.o(.constdata)
    Region$$Table$$Base                      0x080017d4   Number         0  anon$$obj.o(Region$$Table)
    Region$$Table$$Limit                     0x080017f4   Number         0  anon$$obj.o(Region$$Table)
    uwTickFreq                               0x20000000   Data           1  stm32f2xx_hal.o(.data)
    uwTickPrio                               0x20000004   Data           4  stm32f2xx_hal.o(.data)
    uwTick                                   0x20000008   Data           4  stm32f2xx_hal.o(.data)
    SystemCoreClock                          0x2000000c   Data           4  system_stm32f2xx.o(.data)
    huart4                                   0x20000010   Data          68  main.o(.bss)
    __libspace_start                         0x20000054   Data          96  libspace.o(.bss)
    __temporary_stack_top$libspace           0x200000b4   Data           0  libspace.o(.bss)



==============================================================================

Memory Map of the image

  Image Entry point : 0x08000185

  Load Region LR_IROM1 (Base: 0x08000000, Size: 0x00001804, Max: 0x00080000, ABSOLUTE)

    Execution Region ER_IROM1 (Exec base: 0x08000000, Load base: 0x08000000, Size: 0x000017f4, Max: 0x00080000, ABSOLUTE)

    Exec Addr    Load Addr    Size         Type   Attr      Idx    E Section Name        Object

    0x08000000   0x08000000   0x00000184   Data   RO            3    RESET               startup_stm32f207xx.o
    0x08000184   0x08000184   0x00000008   Code   RO         1849  * !!!main             c_w.l(__main.o)
    0x0800018c   0x0800018c   0x00000034   Code   RO         2018    !!!scatter          c_w.l(__scatter.o)
    0x080001c0   0x080001c0   0x0000001a   Code   RO         2020    !!handler_copy      c_w.l(__scatter_copy.o)
    0x080001da   0x080001da   0x00000002   PAD
    0x080001dc   0x080001dc   0x0000001c   Code   RO         2022    !!handler_zi        c_w.l(__scatter_zi.o)
    0x080001f8   0x080001f8   0x00000002   Code   RO         1886    .ARM.Collect$$libinit$$00000000  c_w.l(libinit.o)
    0x080001fa   0x080001fa   0x00000000   Code   RO         1899    .ARM.Collect$$libinit$$00000002  c_w.l(libinit2.o)
    0x080001fa   0x080001fa   0x00000000   Code   RO         1901    .ARM.Collect$$libinit$$00000004  c_w.l(libinit2.o)
    0x080001fa   0x080001fa   0x00000000   Code   RO         1904    .ARM.Collect$$libinit$$0000000A  c_w.l(libinit2.o)
    0x080001fa   0x080001fa   0x00000000   Code   RO         1906    .ARM.Collect$$libinit$$0000000C  c_w.l(libinit2.o)
    0x080001fa   0x080001fa   0x00000000   Code   RO         1908    .ARM.Collect$$libinit$$0000000E  c_w.l(libinit2.o)
    0x080001fa   0x080001fa   0x00000000   Code   RO         1911    .ARM.Collect$$libinit$$00000011  c_w.l(libinit2.o)
    0x080001fa   0x080001fa   0x00000000   Code   RO         1913    .ARM.Collect$$libinit$$00000013  c_w.l(libinit2.o)
    0x080001fa   0x080001fa   0x00000000   Code   RO         1915    .ARM.Collect$$libinit$$00000015  c_w.l(libinit2.o)
    0x080001fa   0x080001fa   0x00000000   Code   RO         1917    .ARM.Collect$$libinit$$00000017  c_w.l(libinit2.o)
    0x080001fa   0x080001fa   0x00000000   Code   RO         1919    .ARM.Collect$$libinit$$00000019  c_w.l(libinit2.o)
    0x080001fa   0x080001fa   0x00000000   Code   RO         1921    .ARM.Collect$$libinit$$0000001B  c_w.l(libinit2.o)
    0x080001fa   0x080001fa   0x00000000   Code   RO         1923    .ARM.Collect$$libinit$$0000001D  c_w.l(libinit2.o)
    0x080001fa   0x080001fa   0x00000000   Code   RO         1925    .ARM.Collect$$libinit$$0000001F  c_w.l(libinit2.o)
    0x080001fa   0x080001fa   0x00000000   Code   RO         1927    .ARM.Collect$$libinit$$00000021  c_w.l(libinit2.o)
    0x080001fa   0x080001fa   0x00000000   Code   RO         1929    .ARM.Collect$$libinit$$00000023  c_w.l(libinit2.o)
    0x080001fa   0x080001fa   0x00000000   Code   RO         1931    .ARM.Collect$$libinit$$00000025  c_w.l(libinit2.o)
    0x080001fa   0x080001fa   0x00000000   Code   RO         1935    .ARM.Collect$$libinit$$0000002C  c_w.l(libinit2.o)
    0x080001fa   0x080001fa   0x00000000   Code   RO         1937    .ARM.Collect$$libinit$$0000002E  c_w.l(libinit2.o)
    0x080001fa   0x080001fa   0x00000000   Code   RO         1939    .ARM.Collect$$libinit$$00000030  c_w.l(libinit2.o)
    0x080001fa   0x080001fa   0x00000000   Code   RO         1941    .ARM.Collect$$libinit$$00000032  c_w.l(libinit2.o)
    0x080001fa   0x080001fa   0x00000002   Code   RO         1942    .ARM.Collect$$libinit$$00000033  c_w.l(libinit2.o)
    0x080001fc   0x080001fc   0x00000002   Code   RO         1973    .ARM.Collect$$libshutdown$$00000000  c_w.l(libshutdown.o)
    0x080001fe   0x080001fe   0x00000000   Code   RO         1999    .ARM.Collect$$libshutdown$$00000002  c_w.l(libshutdown2.o)
    0x080001fe   0x080001fe   0x00000000   Code   RO         2001    .ARM.Collect$$libshutdown$$00000004  c_w.l(libshutdown2.o)
    0x080001fe   0x080001fe   0x00000000   Code   RO         2003    .ARM.Collect$$libshutdown$$00000006  c_w.l(libshutdown2.o)
    0x080001fe   0x080001fe   0x00000000   Code   RO         2006    .ARM.Collect$$libshutdown$$00000009  c_w.l(libshutdown2.o)
    0x080001fe   0x080001fe   0x00000000   Code   RO         2009    .ARM.Collect$$libshutdown$$0000000C  c_w.l(libshutdown2.o)
    0x080001fe   0x080001fe   0x00000000   Code   RO         2011    .ARM.Collect$$libshutdown$$0000000E  c_w.l(libshutdown2.o)
    0x080001fe   0x080001fe   0x00000000   Code   RO         2014    .ARM.Collect$$libshutdown$$00000011  c_w.l(libshutdown2.o)
    0x080001fe   0x080001fe   0x00000002   Code   RO         2015    .ARM.Collect$$libshutdown$$00000012  c_w.l(libshutdown2.o)
    0x08000200   0x08000200   0x00000000   Code   RO         1851    .ARM.Collect$$rtentry$$00000000  c_w.l(__rtentry.o)
    0x08000200   0x08000200   0x00000000   Code   RO         1857    .ARM.Collect$$rtentry$$00000002  c_w.l(__rtentry2.o)
    0x08000200   0x08000200   0x00000006   Code   RO         1869    .ARM.Collect$$rtentry$$00000004  c_w.l(__rtentry4.o)
    0x08000206   0x08000206   0x00000000   Code   RO         1859    .ARM.Collect$$rtentry$$00000009  c_w.l(__rtentry2.o)
    0x08000206   0x08000206   0x00000004   Code   RO         1860    .ARM.Collect$$rtentry$$0000000A  c_w.l(__rtentry2.o)
    0x0800020a   0x0800020a   0x00000000   Code   RO         1862    .ARM.Collect$$rtentry$$0000000C  c_w.l(__rtentry2.o)
    0x0800020a   0x0800020a   0x00000008   Code   RO         1863    .ARM.Collect$$rtentry$$0000000D  c_w.l(__rtentry2.o)
    0x08000212   0x08000212   0x00000002   Code   RO         1890    .ARM.Collect$$rtexit$$00000000  c_w.l(rtexit.o)
    0x08000214   0x08000214   0x00000000   Code   RO         1946    .ARM.Collect$$rtexit$$00000002  c_w.l(rtexit2.o)
    0x08000214   0x08000214   0x00000004   Code   RO         1947    .ARM.Collect$$rtexit$$00000003  c_w.l(rtexit2.o)
    0x08000218   0x08000218   0x00000006   Code   RO         1948    .ARM.Collect$$rtexit$$00000004  c_w.l(rtexit2.o)
    0x0800021e   0x0800021e   0x00000002   PAD
    0x08000220   0x08000220   0x00000040   Code   RO            4    .text               startup_stm32f207xx.o
    0x08000260   0x08000260   0x000000ee   Code   RO         1843    .text               c_w.l(lludivv7m.o)
    0x0800034e   0x0800034e   0x0000004e   Code   RO         1845    .text               c_w.l(rt_memclr_w.o)
    0x0800039c   0x0800039c   0x00000006   Code   RO         1847    .text               c_w.l(heapauxi.o)
    0x080003a2   0x080003a2   0x0000004a   Code   RO         1873    .text               c_w.l(sys_stackheap_outer.o)
    0x080003ec   0x080003ec   0x00000012   Code   RO         1875    .text               c_w.l(exit.o)
    0x080003fe   0x080003fe   0x00000002   PAD
    0x08000400   0x08000400   0x00000008   Code   RO         1887    .text               c_w.l(libspace.o)
    0x08000408   0x08000408   0x0000000c   Code   RO         1943    .text               c_w.l(sys_exit.o)
    0x08000414   0x08000414   0x00000002   Code   RO         1962    .text               c_w.l(use_no_semi.o)
    0x08000416   0x08000416   0x00000000   Code   RO         1964    .text               c_w.l(indicate_semi.o)
    0x08000416   0x08000416   0x00000002   Code   RO          212    i.BusFault_Handler  stm32f2xx_it.o
    0x08000418   0x08000418   0x00000002   Code   RO          213    i.DebugMon_Handler  stm32f2xx_it.o
    0x0800041a   0x0800041a   0x00000002   PAD
    0x0800041c   0x0800041c   0x00000024   Code   RO          723    i.HAL_Delay         stm32f2xx_hal.o
    0x08000440   0x08000440   0x00000288   Code   RO         1524    i.HAL_GPIO_Init     stm32f2xx_hal_gpio.o
    0x080006c8   0x080006c8   0x0000000a   Code   RO         1526    i.HAL_GPIO_ReadPin  stm32f2xx_hal_gpio.o
    0x080006d2   0x080006d2   0x0000000a   Code   RO         1528    i.HAL_GPIO_WritePin  stm32f2xx_hal_gpio.o
    0x080006dc   0x080006dc   0x0000000c   Code   RO          729    i.HAL_GetTick       stm32f2xx_hal.o
    0x080006e8   0x080006e8   0x00000010   Code   RO          735    i.HAL_IncTick       stm32f2xx_hal.o
    0x080006f8   0x080006f8   0x00000034   Code   RO          736    i.HAL_Init          stm32f2xx_hal.o
    0x0800072c   0x0800072c   0x00000040   Code   RO          737    i.HAL_InitTick      stm32f2xx_hal.o
    0x0800076c   0x0800076c   0x00000030   Code   RO          287    i.HAL_MspInit       stm32f2xx_hal_msp.o
    0x0800079c   0x0800079c   0x00000040   Code   RO         1057    i.HAL_NVIC_SetPriority  stm32f2xx_hal_cortex.o
    0x080007dc   0x080007dc   0x00000024   Code   RO         1058    i.HAL_NVIC_SetPriorityGrouping  stm32f2xx_hal_cortex.o
    0x08000800   0x08000800   0x0000013c   Code   RO          903    i.HAL_RCC_ClockConfig  stm32f2xx_hal_rcc.o
    0x0800093c   0x0800093c   0x00000030   Code   RO          910    i.HAL_RCC_GetPCLK1Freq  stm32f2xx_hal_rcc.o
    0x0800096c   0x0800096c   0x00000030   Code   RO          911    i.HAL_RCC_GetPCLK2Freq  stm32f2xx_hal_rcc.o
    0x0800099c   0x0800099c   0x00000064   Code   RO          912    i.HAL_RCC_GetSysClockFreq  stm32f2xx_hal_rcc.o
    0x08000a00   0x08000a00   0x00000338   Code   RO          915    i.HAL_RCC_OscConfig  stm32f2xx_hal_rcc.o
    0x08000d38   0x08000d38   0x00000028   Code   RO         1062    i.HAL_SYSTICK_Config  stm32f2xx_hal_cortex.o
    0x08000d60   0x08000d60   0x00000062   Code   RO          388    i.HAL_UART_Init     stm32f2xx_hal_uart.o
    0x08000dc2   0x08000dc2   0x00000002   PAD
    0x08000dc4   0x08000dc4   0x00000068   Code   RO          289    i.HAL_UART_MspInit  stm32f2xx_hal_msp.o
    0x08000e2c   0x08000e2c   0x000000b2   Code   RO          396    i.HAL_UART_Transmit  stm32f2xx_hal_uart.o
    0x08000ede   0x08000ede   0x00000002   Code   RO          214    i.HardFault_Handler  stm32f2xx_it.o
    0x08000ee0   0x08000ee0   0x000000c4   Code   RO           14    i.MX_GPIO_Init      main.o
    0x08000fa4   0x08000fa4   0x00000002   Code   RO          215    i.MemManage_Handler  stm32f2xx_it.o
    0x08000fa6   0x08000fa6   0x00000002   Code   RO          216    i.NMI_Handler       stm32f2xx_it.o
    0x08000fa8   0x08000fa8   0x00000002   Code   RO          217    i.PendSV_Handler    stm32f2xx_it.o
    0x08000faa   0x08000faa   0x00000002   Code   RO          218    i.SVC_Handler       stm32f2xx_it.o
    0x08000fac   0x08000fac   0x00000014   Code   RO           15    i.Serial_print_char  main.o
    0x08000fc0   0x08000fc0   0x00000040   Code   RO           16    i.Serial_print_int  main.o
    0x08001000   0x08001000   0x00000024   Code   RO           17    i.Serial_print_string  main.o
    0x08001024   0x08001024   0x00000004   Code   RO          219    i.SysTick_Handler   stm32f2xx_it.o
    0x08001028   0x08001028   0x00000050   Code   RO           18    i.SystemClock_Config  main.o
    0x08001078   0x08001078   0x00000002   Code   RO         1807    i.SystemInit        system_stm32f2xx.o
    0x0800107a   0x0800107a   0x00000002   PAD
    0x0800107c   0x0800107c   0x00000124   Code   RO          414    i.UART_SetConfig    stm32f2xx_hal_uart.o
    0x080011a0   0x080011a0   0x00000064   Code   RO          417    i.UART_WaitOnFlagUntilTimeout  stm32f2xx_hal_uart.o
    0x08001204   0x08001204   0x00000002   Code   RO          220    i.UsageFault_Handler  stm32f2xx_it.o
    0x08001206   0x08001206   0x00000020   Code   RO         1064    i.__NVIC_SetPriority  stm32f2xx_hal_cortex.o
    0x08001226   0x08001226   0x00000002   PAD
    0x08001228   0x08001228   0x00000084   Code   RO           20    i.config_Din        main.o
    0x080012ac   0x080012ac   0x00000088   Code   RO           21    i.config_Dout       main.o
    0x08001334   0x08001334   0x00000180   Code   RO           22    i.goto_mem_addr     main.o
    0x080014b4   0x080014b4   0x00000058   Code   RO           23    i.main              main.o
    0x0800150c   0x0800150c   0x00000050   Code   RO           24    i.pop_byte          main.o
    0x0800155c   0x0800155c   0x0000002c   Code   RO           25    i.proc_byte         main.o
    0x08001588   0x08001588   0x00000050   Code   RO           26    i.push_byte         main.o
    0x080015d8   0x080015d8   0x000000d0   Code   RO           27    i.read_byte         main.o
    0x080016a8   0x080016a8   0x00000114   Code   RO           28    i.write_byte        main.o
    0x080017bc   0x080017bc   0x00000010   Data   RO         1808    .constdata          system_stm32f2xx.o
    0x080017cc   0x080017cc   0x00000008   Data   RO         1809    .constdata          system_stm32f2xx.o
    0x080017d4   0x080017d4   0x00000020   Data   RO         2016    Region$$Table       anon$$obj.o


    Execution Region RW_IRAM1 (Exec base: 0x20000000, Load base: 0x080017f4, Size: 0x000006b8, Max: 0x0001c000, ABSOLUTE)

    Exec Addr    Load Addr    Size         Type   Attr      Idx    E Section Name        Object

    0x20000000   0x080017f4   0x0000000c   Data   RW          743    .data               stm32f2xx_hal.o
    0x2000000c   0x08001800   0x00000004   Data   RW         1810    .data               system_stm32f2xx.o
    0x20000010        -       0x00000044   Zero   RW           29    .bss                main.o
    0x20000054        -       0x00000060   Zero   RW         1888    .bss                c_w.l(libspace.o)
    0x200000b4   0x08001804   0x00000004   PAD
    0x200000b8        -       0x00000200   Zero   RW            2    HEAP                startup_stm32f207xx.o
    0x200002b8        -       0x00000400   Zero   RW            1    STACK               startup_stm32f207xx.o


    Execution Region RW_IRAM2 (Exec base: 0x2001c000, Load base: 0x08001804, Size: 0x00000000, Max: 0x00004000, ABSOLUTE)

    **** No section assigned to this execution region ****


==============================================================================

Image component sizes


      Code (inc. data)   RO Data    RW Data    ZI Data      Debug   Object Name

      1824        118          0          0         68     633792   main.o
        64         26        388          0       1536        828   startup_stm32f207xx.o
       180         28          0         12          0       9205   stm32f2xx_hal.o
       172         14          0          0          0      30054   stm32f2xx_hal_cortex.o
       668         50          0          0          0       2963   stm32f2xx_hal_gpio.o
       152         20          0          0          0       1581   stm32f2xx_hal_msp.o
      1336         84          0          0          0       5208   stm32f2xx_hal_rcc.o
       668          8          0          0          0       4080   stm32f2xx_hal_uart.o
        20          0          0          0          0       4010   stm32f2xx_it.o
         2          0         24          4          0       1167   system_stm32f2xx.o

    ----------------------------------------------------------------------
      5094        348        444         16       1604     692888   Object Totals
         0          0         32          0          0          0   (incl. Generated)
         8          0          0          0          0          0   (incl. Padding)

    ----------------------------------------------------------------------

      Code (inc. data)   RO Data    RW Data    ZI Data      Debug   Library Member Name

         8          0          0          0          0         68   __main.o
         0          0          0          0          0          0   __rtentry.o
        12          0          0          0          0          0   __rtentry2.o
         6          0          0          0          0          0   __rtentry4.o
        52          8          0          0          0          0   __scatter.o
        26          0          0          0          0          0   __scatter_copy.o
        28          0          0          0          0          0   __scatter_zi.o
        18          0          0          0          0         80   exit.o
         6          0          0          0          0        152   heapauxi.o
         0          0          0          0          0          0   indicate_semi.o
         2          0          0          0          0          0   libinit.o
         2          0          0          0          0          0   libinit2.o
         2          0          0          0          0          0   libshutdown.o
         2          0          0          0          0          0   libshutdown2.o
         8          4          0          0         96         68   libspace.o
       238          0          0          0          0        100   lludivv7m.o
        78          0          0          0          0         80   rt_memclr_w.o
         2          0          0          0          0          0   rtexit.o
        10          0          0          0          0          0   rtexit2.o
        12          4          0          0          0         68   sys_exit.o
        74          0          0          0          0         80   sys_stackheap_outer.o
         2          0          0          0          0         68   use_no_semi.o

    ----------------------------------------------------------------------
       594         16          0          0        100        764   Library Totals
         6          0          0          0          4          0   (incl. Padding)

    ----------------------------------------------------------------------

      Code (inc. data)   RO Data    RW Data    ZI Data      Debug   Library Name

       588         16          0          0         96        764   c_w.l

    ----------------------------------------------------------------------
       594         16          0          0        100        764   Library Totals

    ----------------------------------------------------------------------

==============================================================================


      Code (inc. data)   RO Data    RW Data    ZI Data      Debug   

      5688        364        444         16       1704     691204   Grand Totals
      5688        364        444         16       1704     691204   ELF Image Totals
      5688        364        444         16          0          0   ROM Totals

==============================================================================

    Total RO  Size (Code + RO Data)                 6132 (   5.99kB)
    Total RW  Size (RW Data + ZI Data)              1720 (   1.68kB)
    Total ROM Size (Code + RO Data + RW Data)       6148 (   6.00kB)

==============================================================================

